Archive member included to satisfy reference by file (symbol)

g:/program files/stmicroelectronics/stm32cube/gcc-arm-none-eabi-10.3-2021.10-win32/gcc-arm-none-eabi-10.3-2021.10/bin/../lib/gcc/arm-none-eabi/10.3.1/thumb/v7-m/nofp\libgcc.a(_arm_muldf3.o)
                              CMakeFiles/proj1.elf.dir/Users/Src/lcd.c.obj (__aeabi_dmul)
g:/program files/stmicroelectronics/stm32cube/gcc-arm-none-eabi-10.3-2021.10-win32/gcc-arm-none-eabi-10.3-2021.10/bin/../lib/gcc/arm-none-eabi/10.3.1/thumb/v7-m/nofp\libgcc.a(_arm_mulsf3.o)
                              CMakeFiles/proj1.elf.dir/Users/Src/Task.c.obj (__aeabi_fmul)
g:/program files/stmicroelectronics/stm32cube/gcc-arm-none-eabi-10.3-2021.10-win32/gcc-arm-none-eabi-10.3-2021.10/bin/../lib/gcc/arm-none-eabi/10.3.1/thumb/v7-m/nofp\libgcc.a(_arm_addsubdf3.o)
                              CMakeFiles/proj1.elf.dir/Users/Src/lcd.c.obj (__aeabi_i2d)
g:/program files/stmicroelectronics/stm32cube/gcc-arm-none-eabi-10.3-2021.10-win32/gcc-arm-none-eabi-10.3-2021.10/bin/../lib/gcc/arm-none-eabi/10.3.1/thumb/v7-m/nofp\libgcc.a(_arm_muldivdf3.o)
                              CMakeFiles/proj1.elf.dir/Users/Src/touch.c.obj (__aeabi_ddiv)
g:/program files/stmicroelectronics/stm32cube/gcc-arm-none-eabi-10.3-2021.10-win32/gcc-arm-none-eabi-10.3-2021.10/bin/../lib/gcc/arm-none-eabi/10.3.1/thumb/v7-m/nofp\libgcc.a(_arm_cmpdf2.o)
                              CMakeFiles/proj1.elf.dir/Users/Src/touch.c.obj (__aeabi_dcmplt)
g:/program files/stmicroelectronics/stm32cube/gcc-arm-none-eabi-10.3-2021.10-win32/gcc-arm-none-eabi-10.3-2021.10/bin/../lib/gcc/arm-none-eabi/10.3.1/thumb/v7-m/nofp\libgcc.a(_arm_fixunsdfsi.o)
                              CMakeFiles/proj1.elf.dir/Users/Src/lcd.c.obj (__aeabi_d2uiz)
g:/program files/stmicroelectronics/stm32cube/gcc-arm-none-eabi-10.3-2021.10-win32/gcc-arm-none-eabi-10.3-2021.10/bin/../lib/gcc/arm-none-eabi/10.3.1/thumb/v7-m/nofp\libgcc.a(_arm_addsubsf3.o)
                              CMakeFiles/proj1.elf.dir/Users/Src/touch.c.obj (__aeabi_fadd)
g:/program files/stmicroelectronics/stm32cube/gcc-arm-none-eabi-10.3-2021.10-win32/gcc-arm-none-eabi-10.3-2021.10/bin/../lib/gcc/arm-none-eabi/10.3.1/thumb/v7-m/nofp\libgcc.a(_arm_muldivsf3.o)
                              CMakeFiles/proj1.elf.dir/Users/Src/touch.c.obj (__aeabi_fdiv)
g:/program files/stmicroelectronics/stm32cube/gcc-arm-none-eabi-10.3-2021.10-win32/gcc-arm-none-eabi-10.3-2021.10/bin/../lib/gcc/arm-none-eabi/10.3.1/thumb/v7-m/nofp\libgcc.a(_arm_fixunssfsi.o)
                              CMakeFiles/proj1.elf.dir/Users/Src/Task.c.obj (__aeabi_f2uiz)
g:/program files/stmicroelectronics/stm32cube/gcc-arm-none-eabi-10.3-2021.10-win32/gcc-arm-none-eabi-10.3-2021.10/bin/../lib/gcc/arm-none-eabi/10.3.1/../../../../arm-none-eabi/lib/thumb/v7-m/nofp\libg.a(lib_a-errno.o)
                              CMakeFiles/proj1.elf.dir/Core/Src/syscalls.c.obj (__errno)
g:/program files/stmicroelectronics/stm32cube/gcc-arm-none-eabi-10.3-2021.10-win32/gcc-arm-none-eabi-10.3-2021.10/bin/../lib/gcc/arm-none-eabi/10.3.1/../../../../arm-none-eabi/lib/thumb/v7-m/nofp\libg.a(lib_a-exit.o)
                              g:/program files/stmicroelectronics/stm32cube/gcc-arm-none-eabi-10.3-2021.10-win32/gcc-arm-none-eabi-10.3-2021.10/bin/../lib/gcc/arm-none-eabi/10.3.1/../../../../arm-none-eabi/lib/thumb/v7-m/nofp/crt0.o (exit)
g:/program files/stmicroelectronics/stm32cube/gcc-arm-none-eabi-10.3-2021.10-win32/gcc-arm-none-eabi-10.3-2021.10/bin/../lib/gcc/arm-none-eabi/10.3.1/../../../../arm-none-eabi/lib/thumb/v7-m/nofp\libg.a(lib_a-impure.o)
                              g:/program files/stmicroelectronics/stm32cube/gcc-arm-none-eabi-10.3-2021.10-win32/gcc-arm-none-eabi-10.3-2021.10/bin/../lib/gcc/arm-none-eabi/10.3.1/../../../../arm-none-eabi/lib/thumb/v7-m/nofp\libg.a(lib_a-exit.o) (_global_impure_ptr)
g:/program files/stmicroelectronics/stm32cube/gcc-arm-none-eabi-10.3-2021.10-win32/gcc-arm-none-eabi-10.3-2021.10/bin/../lib/gcc/arm-none-eabi/10.3.1/../../../../arm-none-eabi/lib/thumb/v7-m/nofp\libg.a(lib_a-init.o)
                              g:/program files/stmicroelectronics/stm32cube/gcc-arm-none-eabi-10.3-2021.10-win32/gcc-arm-none-eabi-10.3-2021.10/bin/../lib/gcc/arm-none-eabi/10.3.1/../../../../arm-none-eabi/lib/thumb/v7-m/nofp/crt0.o (__libc_init_array)
g:/program files/stmicroelectronics/stm32cube/gcc-arm-none-eabi-10.3-2021.10-win32/gcc-arm-none-eabi-10.3-2021.10/bin/../lib/gcc/arm-none-eabi/10.3.1/../../../../arm-none-eabi/lib/thumb/v7-m/nofp\libg.a(lib_a-memset.o)
                              g:/program files/stmicroelectronics/stm32cube/gcc-arm-none-eabi-10.3-2021.10-win32/gcc-arm-none-eabi-10.3-2021.10/bin/../lib/gcc/arm-none-eabi/10.3.1/../../../../arm-none-eabi/lib/thumb/v7-m/nofp/crt0.o (memset)
[...]
Memory Configuration

Name             Origin             Length             Attributes
RAM              0x20000000         0x00010000         xrw
FLASH            0x08000000         0x00080000         xr
*default*        0x00000000         0xffffffff

Linker script and memory map

LOAD g:/program files/stmicroelectronics/stm32cube/gcc-arm-none-eabi-10.3-2021.10-win32/gcc-arm-none-eabi-10.3-2021.10/bin/../lib/gcc/arm-none-eabi/10.3.1/thumb/v7-m/nofp/crti.o
LOAD g:/program files/stmicroelectronics/stm32cube/gcc-arm-none-eabi-10.3-2021.10-win32/gcc-arm-none-eabi-10.3-2021.10/bin/../lib/gcc/arm-none-eabi/10.3.1/thumb/v7-m/nofp/crtbegin.o
LOAD g:/program files/stmicroelectronics/stm32cube/gcc-arm-none-eabi-10.3-2021.10-win32/gcc-arm-none-eabi-10.3-2021.10/bin/../lib/gcc/arm-none-eabi/10.3.1/../../../../arm-none-eabi/lib/thumb/v7-m/nofp/crt0.o
LOAD CMakeFiles/proj1.elf.dir/Core/Src/fsmc.c.obj
LOAD CMakeFiles/proj1.elf.dir/Core/Src/gpio.c.obj
LOAD CMakeFiles/proj1.elf.dir/Core/Src/main.c.obj
LOAD CMakeFiles/proj1.elf.dir/Core/Src/stm32f1xx_hal_msp.c.obj
LOAD CMakeFiles/proj1.elf.dir/Core/Src/stm32f1xx_it.c.obj
LOAD CMakeFiles/proj1.elf.dir/Core/Src/syscalls.c.obj
LOAD CMakeFiles/proj1.elf.dir/Core/Src/sysmem.c.obj
LOAD CMakeFiles/proj1.elf.dir/Core/Src/system_stm32f1xx.c.obj
LOAD CMakeFiles/proj1.elf.dir/Core/Src/usart.c.obj
LOAD CMakeFiles/proj1.elf.dir/Core/Startup/startup_stm32f103zetx.s.obj
LOAD CMakeFiles/proj1.elf.dir/Drivers/STM32F1xx_HAL_Driver/Src/stm32f1xx_hal.c.obj
LOAD CMakeFiles/proj1.elf.dir/Drivers/STM32F1xx_HAL_Driver/Src/stm32f1xx_hal_cortex.c.obj
LOAD CMakeFiles/proj1.elf.dir/Drivers/STM32F1xx_HAL_Driver/Src/stm32f1xx_hal_dma.c.obj
LOAD CMakeFiles/proj1.elf.dir/Drivers/STM32F1xx_HAL_Driver/Src/stm32f1xx_hal_exti.c.obj
LOAD CMakeFiles/proj1.elf.dir/Drivers/STM32F1xx_HAL_Driver/Src/stm32f1xx_hal_flash.c.obj
LOAD CMakeFiles/proj1.elf.dir/Drivers/STM32F1xx_HAL_Driver/Src/stm32f1xx_hal_flash_ex.c.obj
LOAD CMakeFiles/proj1.elf.dir/Drivers/STM32F1xx_HAL_Driver/Src/stm32f1xx_hal_gpio.c.obj
LOAD CMakeFiles/proj1.elf.dir/Drivers/STM32F1xx_HAL_Driver/Src/stm32f1xx_hal_gpio_ex.c.obj
LOAD CMakeFiles/proj1.elf.dir/Drivers/STM32F1xx_HAL_Driver/Src/stm32f1xx_hal_pwr.c.obj
LOAD CMakeFiles/proj1.elf.dir/Drivers/STM32F1xx_HAL_Driver/Src/stm32f1xx_hal_rcc.c.obj
LOAD CMakeFiles/proj1.elf.dir/Drivers/STM32F1xx_HAL_Driver/Src/stm32f1xx_hal_rcc_ex.c.obj
LOAD CMakeFiles/proj1.elf.dir/Drivers/STM32F1xx_HAL_Driver/Src/stm32f1xx_hal_sram.c.obj
LOAD CMakeFiles/proj1.elf.dir/Drivers/STM32F1xx_HAL_Driver/Src/stm32f1xx_hal_tim.c.obj
LOAD CMakeFiles/proj1.elf.dir/Drivers/STM32F1xx_HAL_Driver/Src/stm32f1xx_hal_tim_ex.c.obj
LOAD CMakeFiles/proj1.elf.dir/Drivers/STM32F1xx_HAL_Driver/Src/stm32f1xx_hal_uart.c.obj
LOAD CMakeFiles/proj1.elf.dir/Drivers/STM32F1xx_HAL_Driver/Src/stm32f1xx_ll_exti.c.obj
LOAD CMakeFiles/proj1.elf.dir/Drivers/STM32F1xx_HAL_Driver/Src/stm32f1xx_ll_fsmc.c.obj
LOAD CMakeFiles/proj1.elf.dir/Drivers/STM32F1xx_HAL_Driver/Src/stm32f1xx_ll_gpio.c.obj
LOAD CMakeFiles/proj1.elf.dir/Drivers/STM32F1xx_HAL_Driver/Src/stm32f1xx_ll_rcc.c.obj
LOAD CMakeFiles/proj1.elf.dir/Drivers/STM32F1xx_HAL_Driver/Src/stm32f1xx_ll_utils.c.obj
LOAD CMakeFiles/proj1.elf.dir/Users/Src/24cxx.c.obj
LOAD CMakeFiles/proj1.elf.dir/Users/Src/Task.c.obj
LOAD CMakeFiles/proj1.elf.dir/Users/Src/ctiic.c.obj
LOAD CMakeFiles/proj1.elf.dir/Users/Src/ft5206.c.obj
LOAD CMakeFiles/proj1.elf.dir/Users/Src/gt9xxx.c.obj
LOAD CMakeFiles/proj1.elf.dir/Users/Src/lcd.c.obj
LOAD CMakeFiles/proj1.elf.dir/Users/Src/lcd_ex.c.obj
LOAD CMakeFiles/proj1.elf.dir/Users/Src/myiic.c.obj
LOAD CMakeFiles/proj1.elf.dir/Users/Src/retarget.c.obj
LOAD CMakeFiles/proj1.elf.dir/Users/Src/touch.c.obj
START GROUP
LOAD g:/program files/stmicroelectronics/stm32cube/gcc-arm-none-eabi-10.3-2021.10-win32/gcc-arm-none-eabi-10.3-2021.10/bin/../lib/gcc/arm-none-eabi/10.3.1/thumb/v7-m/nofp\libgcc.a
LOAD g:/program files/stmicroelectronics/stm32cube/gcc-arm-none-eabi-10.3-2021.10-win32/gcc-arm-none-eabi-10.3-2021.10/bin/../lib/gcc/arm-none-eabi/10.3.1/../../../../arm-none-eabi/lib/thumb/v7-m/nofp\libg.a
LOAD g:/program files/stmicroelectronics/stm32cube/gcc-arm-none-eabi-10.3-2021.10-win32/gcc-arm-none-eabi-10.3-2021.10/bin/../lib/gcc/arm-none-eabi/10.3.1/../../../../arm-none-eabi/lib/thumb/v7-m/nofp\libc.a
END GROUP
LOAD g:/program files/stmicroelectronics/stm32cube/gcc-arm-none-eabi-10.3-2021.10-win32/gcc-arm-none-eabi-10.3-2021.10/bin/../lib/gcc/arm-none-eabi/10.3.1/thumb/v7-m/nofp/crtend.o
LOAD g:/program files/stmicroelectronics/stm32cube/gcc-arm-none-eabi-10.3-2021.10-win32/gcc-arm-none-eabi-10.3-2021.10/bin/../lib/gcc/arm-none-eabi/10.3.1/thumb/v7-m/nofp/crtn.o
                0x20010000                _estack = (ORIGIN (RAM) + LENGTH (RAM))
                0x00000200                _Min_Heap_Size = 0x200
                0x00000400                _Min_Stack_Size = 0x400

.isr_vector     0x08000000      0x1e4
                0x08000000                . = ALIGN (0x4)
 *(.isr_vector)
 .isr_vector    0x08000000      0x1e4 CMakeFiles/proj1.elf.dir/Core/Startup/startup_stm32f103zetx.s.obj
                0x08000000                g_pfnVectors
                0x080001e4                . = ALIGN (0x4)

.text           0x080001e8     0xe8d0
                0x080001e8                . = ALIGN (0x4)
 *(.text)
 .text          0x080001e8       0x40 g:/program files/stmicroelectronics/stm32cube/gcc-arm-none-eabi-10.3-2021.10-win32/gcc-arm-none-eabi-10.3-2021.10/bin/../lib/gcc/arm-none-eabi/10.3.1/thumb/v7-m/nofp/crtbegin.o
 .text          0x08000228      0x378 g:/program files/stmicroelectronics/stm32cube/gcc-arm-none-eabi-10.3-2021.10-win32/gcc-arm-none-eabi-10.3-2021.10/bin/../lib/gcc/arm-none-eabi/10.3.1/thumb/v7-m/nofp\libgcc.a(_arm_addsubdf3.o)
                0x08000228                __aeabi_drsub
                0x08000230                __aeabi_dsub
                0x08000230                __subdf3
                0x08000234                __aeabi_dadd
                0x08000234                __adddf3
                0x080004ac                __floatunsidf
                0x080004ac                __aeabi_ui2d
                0x080004cc                __floatsidf
                0x080004cc                __aeabi_i2d
                0x080004f0                __aeabi_f2d
                0x080004f0                __extendsfdf2
                0x08000534                __floatundidf
                0x08000534                __aeabi_ul2d
                0x08000544                __floatdidf
                0x08000544                __aeabi_l2d
 .text          0x080005a0      0x424 g:/program files/stmicroelectronics/stm32cube/gcc-arm-none-eabi-10.3-2021.10-win32/gcc-arm-none-eabi-10.3-2021.10/bin/../lib/gcc/arm-none-eabi/10.3.1/thumb/v7-m/nofp\libgcc.a(_arm_muldivdf3.o)
                0x080005a0                __aeabi_dmul
                0x080005a0                __muldf3
                0x080007f4                __divdf3
                0x080007f4                __aeabi_ddiv
 .text          0x080009c4      0x110 g:/program files/stmicroelectronics/stm32cube/gcc-arm-none-eabi-10.3-2021.10-win32/gcc-arm-none-eabi-10.3-2021.10/bin/../lib/gcc/arm-none-eabi/10.3.1/thumb/v7-m/nofp\libgcc.a(_arm_cmpdf2.o)
                0x080009c4                __gtdf2
                0x080009c4                __gedf2
                0x080009cc                __ltdf2
                0x080009cc                __ledf2
                0x080009d4                __nedf2
                0x080009d4                __eqdf2
                0x080009d4                __cmpdf2
                0x08000a50                __aeabi_cdrcmple
                0x08000a60                __aeabi_cdcmpeq
                0x08000a60                __aeabi_cdcmple
                0x08000a70                __aeabi_dcmpeq
                0x08000a84                __aeabi_dcmplt
                0x08000a98                __aeabi_dcmple
                0x08000aac                __aeabi_dcmpge
                0x08000ac0                __aeabi_dcmpgt
 .text          0x08000ad4       0x40 g:/program files/stmicroelectronics/stm32cube/gcc-arm-none-eabi-10.3-2021.10-win32/gcc-arm-none-eabi-10.3-2021.10/bin/../lib/gcc/arm-none-eabi/10.3.1/thumb/v7-m/nofp\libgcc.a(_arm_fixunsdfsi.o)
                0x08000ad4                __aeabi_d2uiz
                0x08000ad4                __fixunsdfsi
 .text          0x08000b14      0x21c g:/program files/stmicroelectronics/stm32cube/gcc-arm-none-eabi-10.3-2021.10-win32/gcc-arm-none-eabi-10.3-2021.10/bin/../lib/gcc/arm-none-eabi/10.3.1/thumb/v7-m/nofp\libgcc.a(_arm_addsubsf3.o)
                0x08000b14                __aeabi_frsub
                0x08000b1c                __subsf3
                0x08000b1c                __aeabi_fsub
                0x08000b20                __aeabi_fadd
                0x08000b20                __addsf3
                0x08000c80                __aeabi_ui2f
                0x08000c80                __floatunsisf
                0x08000c88                __aeabi_i2f
                0x08000c88                __floatsisf
                0x08000ca4                __aeabi_ul2f
                0x08000ca4                __floatundisf
                0x08000cb4                __aeabi_l2f
                0x08000cb4                __floatdisf
 .text          0x08000d30      0x2a0 g:/program files/stmicroelectronics/stm32cube/gcc-arm-none-eabi-10.3-2021.10-win32/gcc-arm-none-eabi-10.3-2021.10/bin/../lib/gcc/arm-none-eabi/10.3.1/thumb/v7-m/nofp\libgcc.a(_arm_muldivsf3.o)
                0x08000d30                __mulsf3
                0x08000d30                __aeabi_fmul
                0x08000e98                __aeabi_fdiv
                0x08000e98                __divsf3
 .text          0x08000fd0       0x40 g:/program files/stmicroelectronics/stm32cube/gcc-arm-none-eabi-10.3-2021.10-win32/gcc-arm-none-eabi-10.3-2021.10/bin/../lib/gcc/arm-none-eabi/10.3.1/thumb/v7-m/nofp\libgcc.a(_arm_fixunssfsi.o)
                0x08000fd0                __fixunssfsi
                0x08000fd0                __aeabi_f2uiz
 .text          0x08001010      0x1bc g:/program files/stmicroelectronics/stm32cube/gcc-arm-none-eabi-10.3-2021.10-win32/gcc-arm-none-eabi-10.3-2021.10/bin/../lib/gcc/arm-none-eabi/10.3.1/../../../../arm-none-eabi/lib/thumb/v7-m/nofp\libg.a(lib_a-strcmp.o)
                0x08001010                strcmp
 .text          0x080011cc       0xec g:/program files/stmicroelectronics/stm32cube/gcc-arm-none-eabi-10.3-2021.10-win32/gcc-arm-none-eabi-10.3-2021.10/bin/../lib/gcc/arm-none-eabi/10.3.1/../../../../arm-none-eabi/lib/thumb/v7-m/nofp\libg.a(lib_a-memcpy.o)
                0x080011cc                memcpy
 .text          0x080012b8       0x2c g:/program files/stmicroelectronics/stm32cube/gcc-arm-none-eabi-10.3-2021.10-win32/gcc-arm-none-eabi-10.3-2021.10/bin/../lib/gcc/arm-none-eabi/10.3.1/thumb/v7-m/nofp\libgcc.a(_arm_unorddf2.o)
                0x080012b8                __unorddf2
                0x080012b8                __aeabi_dcmpun
 .text          0x080012e4       0x50 g:/program files/stmicroelectronics/stm32cube/gcc-arm-none-eabi-10.3-2021.10-win32/gcc-arm-none-eabi-10.3-2021.10/bin/../lib/gcc/arm-none-eabi/10.3.1/thumb/v7-m/nofp\libgcc.a(_arm_fixdfsi.o)
                0x080012e4                __aeabi_d2iz
                0x080012e4                __fixdfsi
 .text          0x08001334       0x30 g:/program files/stmicroelectronics/stm32cube/gcc-arm-none-eabi-10.3-2021.10-win32/gcc-arm-none-eabi-10.3-2021.10/bin/../lib/gcc/arm-none-eabi/10.3.1/thumb/v7-m/nofp\libgcc.a(_aeabi_uldivmod.o)
                0x08001334                __aeabi_uldivmod
 .text          0x08001364      0x2d4 g:/program files/stmicroelectronics/stm32cube/gcc-arm-none-eabi-10.3-2021.10-win32/gcc-arm-none-eabi-10.3-2021.10/bin/../lib/gcc/arm-none-eabi/10.3.1/thumb/v7-m/nofp\libgcc.a(_udivmoddi4.o)
                0x08001364                __udivmoddi4
 .text          0x08001638        0x4 g:/program files/stmicroelectronics/stm32cube/gcc-arm-none-eabi-10.3-2021.10-win32/gcc-arm-none-eabi-10.3-2021.10/bin/../lib/gcc/arm-none-eabi/10.3.1/thumb/v7-m/nofp\libgcc.a(_dvmd_tls.o)
                0x08001638                __aeabi_idiv0
                0x08001638                __aeabi_ldiv0
 *(.text*)
 .text.HAL_FSMC_MspInit
                0x0800163c       0x84 CMakeFiles/proj1.elf.dir/Core/Src/fsmc.c.obj
 .text.MX_FSMC_Init
                0x080016c0       0x9c CMakeFiles/proj1.elf.dir/Core/Src/fsmc.c.obj
                0x080016c0                MX_FSMC_Init
 .text.HAL_SRAM_MspInit
                0x0800175c        0x8 CMakeFiles/proj1.elf.dir/Core/Src/fsmc.c.obj
                0x0800175c                HAL_SRAM_MspInit
 .text.MX_GPIO_Init
                0x08001764       0xf8 CMakeFiles/proj1.elf.dir/Core/Src/gpio.c.obj
                0x08001764                MX_GPIO_Init
 .text.Error_Handler
                0x0800185c        0x4 CMakeFiles/proj1.elf.dir/Core/Src/main.c.obj
                0x0800185c                Error_Handler
 .text.SystemClock_Config
                0x08001860       0xa8 CMakeFiles/proj1.elf.dir/Core/Src/main.c.obj
                0x08001860                SystemClock_Config
 .text.main     0x08001908       0x20 CMakeFiles/proj1.elf.dir/Core/Src/main.c.obj
                0x08001908                main
 .text.HAL_MspInit
                0x08001928       0x44 CMakeFiles/proj1.elf.dir/Core/Src/stm32f1xx_hal_msp.c.obj
                0x08001928                HAL_MspInit
 .text.NMI_Handler
                0x0800196c        0x2 CMakeFiles/proj1.elf.dir/Core/Src/stm32f1xx_it.c.obj
                0x0800196c                NMI_Handler
 .text.HardFault_Handler
                0x0800196e        0x2 CMakeFiles/proj1.elf.dir/Core/Src/stm32f1xx_it.c.obj
                0x0800196e                HardFault_Handler
 .text.MemManage_Handler
                0x08001970        0x2 CMakeFiles/proj1.elf.dir/Core/Src/stm32f1xx_it.c.obj
                0x08001970                MemManage_Handler
 .text.BusFault_Handler
                0x08001972        0x2 CMakeFiles/proj1.elf.dir/Core/Src/stm32f1xx_it.c.obj
                0x08001972                BusFault_Handler
 .text.UsageFault_Handler
                0x08001974        0x2 CMakeFiles/proj1.elf.dir/Core/Src/stm32f1xx_it.c.obj
                0x08001974                UsageFault_Handler
 .text.SVC_Handler
                0x08001976        0x2 CMakeFiles/proj1.elf.dir/Core/Src/stm32f1xx_it.c.obj
                0x08001976                SVC_Handler
 .text.DebugMon_Handler
                0x08001978        0x2 CMakeFiles/proj1.elf.dir/Core/Src/stm32f1xx_it.c.obj
                0x08001978                DebugMon_Handler
 .text.PendSV_Handler
                0x0800197a        0x2 CMakeFiles/proj1.elf.dir/Core/Src/stm32f1xx_it.c.obj
                0x0800197a                PendSV_Handler
 .text.SysTick_Handler
                0x0800197c        0x8 CMakeFiles/proj1.elf.dir/Core/Src/stm32f1xx_it.c.obj
                0x0800197c                SysTick_Handler
 .text._getpid  0x08001984        0x4 CMakeFiles/proj1.elf.dir/Core/Src/syscalls.c.obj
                0x08001984                _getpid
 .text._kill    0x08001988       0x10 CMakeFiles/proj1.elf.dir/Core/Src/syscalls.c.obj
                0x08001988                _kill
 .text._exit    0x08001998        0xc CMakeFiles/proj1.elf.dir/Core/Src/syscalls.c.obj
                0x08001998                _exit
 .text._sbrk    0x080019a4       0x48 CMakeFiles/proj1.elf.dir/Core/Src/sysmem.c.obj
                0x080019a4                _sbrk
 .text.SystemInit
                0x080019ec        0x2 CMakeFiles/proj1.elf.dir/Core/Src/system_stm32f1xx.c.obj
                0x080019ec                SystemInit
 *fill*         0x080019ee        0x2 
 .text.MX_USART1_UART_Init
                0x080019f0       0x34 CMakeFiles/proj1.elf.dir/Core/Src/usart.c.obj
                0x080019f0                MX_USART1_UART_Init
 .text.HAL_UART_MspInit
                0x08001a24       0x78 CMakeFiles/proj1.elf.dir/Core/Src/usart.c.obj
                0x08001a24                HAL_UART_MspInit
 .text.Reset_Handler
                0x08001a9c       0x48 CMakeFiles/proj1.elf.dir/Core/Startup/startup_stm32f103zetx.s.obj
                0x08001a9c                Reset_Handler
 .text.Default_Handler
                0x08001ae4        0x2 CMakeFiles/proj1.elf.dir/Core/Startup/startup_stm32f103zetx.s.obj
                0x08001ae4                RTC_Alarm_IRQHandler
                0x08001ae4                EXTI2_IRQHandler
                0x08001ae4                TIM8_TRG_COM_IRQHandler
                0x08001ae4                TIM8_CC_IRQHandler
                0x08001ae4                TIM1_CC_IRQHandler
                0x08001ae4                TIM6_IRQHandler
                0x08001ae4                PVD_IRQHandler
                0x08001ae4                SDIO_IRQHandler
                0x08001ae4                EXTI3_IRQHandler
                0x08001ae4                EXTI0_IRQHandler
                0x08001ae4                I2C2_EV_IRQHandler
                0x08001ae4                ADC1_2_IRQHandler
                0x08001ae4                SPI1_IRQHandler
                0x08001ae4                TAMPER_IRQHandler
                0x08001ae4                TIM8_UP_IRQHandler
                0x08001ae4                DMA2_Channel2_IRQHandler
                0x08001ae4                DMA1_Channel4_IRQHandler
                0x08001ae4                USART3_IRQHandler
                0x08001ae4                RTC_IRQHandler
                0x08001ae4                DMA1_Channel7_IRQHandler
                0x08001ae4                CAN1_RX1_IRQHandler
                0x08001ae4                UART5_IRQHandler
                0x08001ae4                ADC3_IRQHandler
                0x08001ae4                TIM4_IRQHandler
                0x08001ae4                DMA2_Channel1_IRQHandler
                0x08001ae4                I2C1_EV_IRQHandler
                0x08001ae4                DMA1_Channel6_IRQHandler
                0x08001ae4                UART4_IRQHandler
                0x08001ae4                TIM3_IRQHandler
                0x08001ae4                RCC_IRQHandler
                0x08001ae4                TIM1_TRG_COM_IRQHandler
                0x08001ae4                DMA1_Channel1_IRQHandler
                0x08001ae4                Default_Handler
                0x08001ae4                EXTI15_10_IRQHandler
                0x08001ae4                TIM7_IRQHandler
                0x08001ae4                TIM5_IRQHandler
                0x08001ae4                EXTI9_5_IRQHandler
                0x08001ae4                SPI2_IRQHandler
                0x08001ae4                DMA1_Channel5_IRQHandler
                0x08001ae4                EXTI4_IRQHandler
                0x08001ae4                USB_LP_CAN1_RX0_IRQHandler
                0x08001ae4                USB_HP_CAN1_TX_IRQHandler
                0x08001ae4                DMA1_Channel3_IRQHandler
                0x08001ae4                FSMC_IRQHandler
                0x08001ae4                TIM1_UP_IRQHandler
                0x08001ae4                WWDG_IRQHandler
                0x08001ae4                TIM2_IRQHandler
                0x08001ae4                TIM1_BRK_IRQHandler
                0x08001ae4                EXTI1_IRQHandler
                0x08001ae4                DMA2_Channel4_5_IRQHandler
                0x08001ae4                USART2_IRQHandler
                0x08001ae4                I2C2_ER_IRQHandler
                0x08001ae4                DMA1_Channel2_IRQHandler
                0x08001ae4                TIM8_BRK_IRQHandler
                0x08001ae4                CAN1_SCE_IRQHandler
                0x08001ae4                FLASH_IRQHandler
                0x08001ae4                USART1_IRQHandler
                0x08001ae4                SPI3_IRQHandler
                0x08001ae4                I2C1_ER_IRQHandler
                0x08001ae4                USBWakeUp_IRQHandler
                0x08001ae4                DMA2_Channel3_IRQHandler
 *fill*         0x08001ae6        0x2 
 .text.HAL_InitTick
                0x08001ae8       0x4c CMakeFiles/proj1.elf.dir/Drivers/STM32F1xx_HAL_Driver/Src/stm32f1xx_hal.c.obj
                0x08001ae8                HAL_InitTick
 .text.HAL_Init
                0x08001b34       0x24 CMakeFiles/proj1.elf.dir/Drivers/STM32F1xx_HAL_Driver/Src/stm32f1xx_hal.c.obj
                0x08001b34                HAL_Init
 .text.HAL_IncTick
                0x08001b58       0x18 CMakeFiles/proj1.elf.dir/Drivers/STM32F1xx_HAL_Driver/Src/stm32f1xx_hal.c.obj
                0x08001b58                HAL_IncTick
 .text.HAL_GetTick
                0x08001b70        0xc CMakeFiles/proj1.elf.dir/Drivers/STM32F1xx_HAL_Driver/Src/stm32f1xx_hal.c.obj
                0x08001b70                HAL_GetTick
 .text.HAL_NVIC_SetPriorityGrouping
                0x08001b7c       0x24 CMakeFiles/proj1.elf.dir/Drivers/STM32F1xx_HAL_Driver/Src/stm32f1xx_hal_cortex.c.obj
                0x08001b7c                HAL_NVIC_SetPriorityGrouping
 .text.HAL_NVIC_SetPriority
                0x08001ba0       0x70 CMakeFiles/proj1.elf.dir/Drivers/STM32F1xx_HAL_Driver/Src/stm32f1xx_hal_cortex.c.obj
                0x08001ba0                HAL_NVIC_SetPriority
 .text.HAL_SYSTICK_Config
                0x08001c10       0x28 CMakeFiles/proj1.elf.dir/Drivers/STM32F1xx_HAL_Driver/Src/stm32f1xx_hal_cortex.c.obj
                0x08001c10                HAL_SYSTICK_Config
 .text.HAL_GPIO_Init
                0x08001c38      0x240 CMakeFiles/proj1.elf.dir/Drivers/STM32F1xx_HAL_Driver/Src/stm32f1xx_hal_gpio.c.obj
                0x08001c38                HAL_GPIO_Init
 .text.HAL_GPIO_ReadPin
                0x08001e78        0xe CMakeFiles/proj1.elf.dir/Drivers/STM32F1xx_HAL_Driver/Src/stm32f1xx_hal_gpio.c.obj
                0x08001e78                HAL_GPIO_ReadPin
 .text.HAL_GPIO_WritePin
                0x08001e86        0xc CMakeFiles/proj1.elf.dir/Drivers/STM32F1xx_HAL_Driver/Src/stm32f1xx_hal_gpio.c.obj
                0x08001e86                HAL_GPIO_WritePin
 *fill*         0x08001e92        0x2 
 .text.HAL_RCC_GetHCLKFreq
                0x08001e94        0xc CMakeFiles/proj1.elf.dir/Drivers/STM32F1xx_HAL_Driver/Src/stm32f1xx_hal_rcc.c.obj
                0x08001e94                HAL_RCC_GetHCLKFreq
 .text.HAL_RCC_GetPCLK1Freq
                0x08001ea0       0x20 CMakeFiles/proj1.elf.dir/Drivers/STM32F1xx_HAL_Driver/Src/stm32f1xx_hal_rcc.c.obj
                0x08001ea0                HAL_RCC_GetPCLK1Freq
 .text.HAL_RCC_GetPCLK2Freq
                0x08001ec0       0x20 CMakeFiles/proj1.elf.dir/Drivers/STM32F1xx_HAL_Driver/Src/stm32f1xx_hal_rcc.c.obj
                0x08001ec0                HAL_RCC_GetPCLK2Freq
 .text.HAL_SRAM_Init
                0x08001ee0       0x64 CMakeFiles/proj1.elf.dir/Drivers/STM32F1xx_HAL_Driver/Src/stm32f1xx_hal_sram.c.obj
                0x08001ee0                HAL_SRAM_Init
 .text.UART_SetConfig
                0x08001f44       0x94 CMakeFiles/proj1.elf.dir/Drivers/STM32F1xx_HAL_Driver/Src/stm32f1xx_hal_uart.c.obj
 .text.UART_WaitOnFlagUntilTimeout
                0x08001fd8       0x88 CMakeFiles/proj1.elf.dir/Drivers/STM32F1xx_HAL_Driver/Src/stm32f1xx_hal_uart.c.obj
 .text.HAL_UART_Init
                0x08002060       0x60 CMakeFiles/proj1.elf.dir/Drivers/STM32F1xx_HAL_Driver/Src/stm32f1xx_hal_uart.c.obj
                0x08002060                HAL_UART_Init
 .text.HAL_UART_Transmit
                0x080020c0       0xbe CMakeFiles/proj1.elf.dir/Drivers/STM32F1xx_HAL_Driver/Src/stm32f1xx_hal_uart.c.obj
                0x080020c0                HAL_UART_Transmit
 .text.HAL_UART_Receive
                0x0800217e       0xca CMakeFiles/proj1.elf.dir/Drivers/STM32F1xx_HAL_Driver/Src/stm32f1xx_hal_uart.c.obj
                0x0800217e                HAL_UART_Receive
 .text.FSMC_NORSRAM_Init
                0x08002248       0x68 CMakeFiles/proj1.elf.dir/Drivers/STM32F1xx_HAL_Driver/Src/stm32f1xx_ll_fsmc.c.obj
                0x08002248                FSMC_NORSRAM_Init
 .text.FSMC_NORSRAM_Timing_Init
                0x080022b0       0x50 CMakeFiles/proj1.elf.dir/Drivers/STM32F1xx_HAL_Driver/Src/stm32f1xx_ll_fsmc.c.obj
                0x080022b0                FSMC_NORSRAM_Timing_Init
 .text.FSMC_NORSRAM_Extended_Timing_Init
                0x08002300       0x44 CMakeFiles/proj1.elf.dir/Drivers/STM32F1xx_HAL_Driver/Src/stm32f1xx_ll_fsmc.c.obj
                0x08002300                FSMC_NORSRAM_Extended_Timing_Init
 .text.LL_GPIO_Init
                0x08002344      0x116 CMakeFiles/proj1.elf.dir/Drivers/STM32F1xx_HAL_Driver/Src/stm32f1xx_ll_gpio.c.obj
                0x08002344                LL_GPIO_Init
 .text.LL_mDelay
                0x0800245a       0x2a CMakeFiles/proj1.elf.dir/Drivers/STM32F1xx_HAL_Driver/Src/stm32f1xx_ll_utils.c.obj
                0x0800245a                LL_mDelay
 .text.LL_SetSystemCoreClock
                0x08002484        0xc CMakeFiles/proj1.elf.dir/Drivers/STM32F1xx_HAL_Driver/Src/stm32f1xx_ll_utils.c.obj
                0x08002484                LL_SetSystemCoreClock
 .text.at24cxx_init
                0x08002490        0x8 CMakeFiles/proj1.elf.dir/Users/Src/24cxx.c.obj
                0x08002490                at24cxx_init
 .text.at24cxx_read_one_byte
                0x08002498       0x44 CMakeFiles/proj1.elf.dir/Users/Src/24cxx.c.obj
                0x08002498                at24cxx_read_one_byte
 .text.at24cxx_write_one_byte
                0x080024dc       0x3e CMakeFiles/proj1.elf.dir/Users/Src/24cxx.c.obj
                0x080024dc                at24cxx_write_one_byte
 .text.at24cxx_read
                0x0800251a       0x20 CMakeFiles/proj1.elf.dir/Users/Src/24cxx.c.obj
                0x0800251a                at24cxx_read
 .text.at24cxx_write
                0x0800253a       0x22 CMakeFiles/proj1.elf.dir/Users/Src/24cxx.c.obj
                0x0800253a                at24cxx_write
 .text.KEY0_Scan
                0x0800255c       0x30 CMakeFiles/proj1.elf.dir/Users/Src/Task.c.obj
                0x0800255c                KEY0_Scan
 .text.KEY1_Scan
                0x0800258c       0x30 CMakeFiles/proj1.elf.dir/Users/Src/Task.c.obj
                0x0800258c                KEY1_Scan
 .text.delay_us
                0x080025bc       0x58 CMakeFiles/proj1.elf.dir/Users/Src/Task.c.obj
                0x080025bc                delay_us
 .text.Task_Init
                0x08002614       0x44 CMakeFiles/proj1.elf.dir/Users/Src/Task.c.obj
                0x08002614                Task_Init
 .text.Task_Loop
                0x08002658        0xc CMakeFiles/proj1.elf.dir/Users/Src/Task.c.obj
                0x08002658                Task_Loop
 .text.ct_iic_delay
                0x08002664        0xa CMakeFiles/proj1.elf.dir/Users/Src/ctiic.c.obj
 *fill*         0x0800266e        0x2 
 .text.ct_iic_start
                0x08002670       0x48 CMakeFiles/proj1.elf.dir/Users/Src/ctiic.c.obj
                0x08002670                ct_iic_start
 .text.ct_iic_stop
                0x080026b8       0x3c CMakeFiles/proj1.elf.dir/Users/Src/ctiic.c.obj
                0x080026b8                ct_iic_stop
 .text.ct_iic_init
                0x080026f4       0x68 CMakeFiles/proj1.elf.dir/Users/Src/ctiic.c.obj
                0x080026f4                ct_iic_init
 .text.ct_iic_wait_ack
                0x0800275c       0x60 CMakeFiles/proj1.elf.dir/Users/Src/ctiic.c.obj
                0x0800275c                ct_iic_wait_ack
 .text.ct_iic_ack
                0x080027bc       0x4c CMakeFiles/proj1.elf.dir/Users/Src/ctiic.c.obj
                0x080027bc                ct_iic_ack
 .text.ct_iic_nack
                0x08002808       0x3c CMakeFiles/proj1.elf.dir/Users/Src/ctiic.c.obj
                0x08002808                ct_iic_nack
 .text.ct_iic_send_byte
                0x08002844       0x68 CMakeFiles/proj1.elf.dir/Users/Src/ctiic.c.obj
                0x08002844                ct_iic_send_byte
 .text.ct_iic_read_byte
                0x080028ac       0x60 CMakeFiles/proj1.elf.dir/Users/Src/ctiic.c.obj
                0x080028ac                ct_iic_read_byte
 .text.ft5206_wr_reg
                0x0800290c       0x46 CMakeFiles/proj1.elf.dir/Users/Src/ft5206.c.obj
                0x0800290c                ft5206_wr_reg
 .text.ft5206_rd_reg
                0x08002952       0x4e CMakeFiles/proj1.elf.dir/Users/Src/ft5206.c.obj
                0x08002952                ft5206_rd_reg
 .text.ft5206_init
                0x080029a0       0xdc CMakeFiles/proj1.elf.dir/Users/Src/ft5206.c.obj
                0x080029a0                ft5206_init
 .text.ft5206_scan
                0x08002a7c      0x19c CMakeFiles/proj1.elf.dir/Users/Src/ft5206.c.obj
                0x08002a7c                ft5206_scan
 .text.gt9xxx_wr_reg
                0x08002c18       0x50 CMakeFiles/proj1.elf.dir/Users/Src/gt9xxx.c.obj
                0x08002c18                gt9xxx_wr_reg
 .text.gt9xxx_rd_reg
                0x08002c68       0x58 CMakeFiles/proj1.elf.dir/Users/Src/gt9xxx.c.obj
                0x08002c68                gt9xxx_rd_reg
 .text.gt9xxx_init
                0x08002cc0      0x10c CMakeFiles/proj1.elf.dir/Users/Src/gt9xxx.c.obj
                0x08002cc0                gt9xxx_init
 .text.gt9xxx_scan
                0x08002dcc      0x298 CMakeFiles/proj1.elf.dir/Users/Src/gt9xxx.c.obj
                0x08002dcc                gt9xxx_scan
 .text.lcd_rd_data
                0x08003064       0x1c CMakeFiles/proj1.elf.dir/Users/Src/lcd.c.obj
 .text.lcd_wr_data
                0x08003080       0x24 CMakeFiles/proj1.elf.dir/Users/Src/lcd.c.obj
                0x08003080                lcd_wr_data
 .text.lcd_wr_regno
                0x080030a4       0x24 CMakeFiles/proj1.elf.dir/Users/Src/lcd.c.obj
                0x080030a4                lcd_wr_regno
 .text.lcd_write_reg
                0x080030c8       0x10 CMakeFiles/proj1.elf.dir/Users/Src/lcd.c.obj
                0x080030c8                lcd_write_reg
 .text.lcd_write_ram_prepare
                0x080030d8       0x14 CMakeFiles/proj1.elf.dir/Users/Src/lcd.c.obj
                0x080030d8                lcd_write_ram_prepare
 .text.lcd_display_on
                0x080030ec       0x24 CMakeFiles/proj1.elf.dir/Users/Src/lcd.c.obj
                0x080030ec                lcd_display_on
 .text.lcd_set_cursor
                0x08003110      0x10c CMakeFiles/proj1.elf.dir/Users/Src/lcd.c.obj
                0x08003110                lcd_set_cursor
 .text.lcd_scan_dir
                0x0800321c      0x1d8 CMakeFiles/proj1.elf.dir/Users/Src/lcd.c.obj
                0x0800321c                lcd_scan_dir
 .text.lcd_draw_point
                0x080033f4       0x1c CMakeFiles/proj1.elf.dir/Users/Src/lcd.c.obj
                0x080033f4                lcd_draw_point
 .text.lcd_ssd_backlight_set
                0x08003410       0x50 CMakeFiles/proj1.elf.dir/Users/Src/lcd.c.obj
                0x08003410                lcd_ssd_backlight_set
 .text.lcd_display_dir
                0x08003460      0x118 CMakeFiles/proj1.elf.dir/Users/Src/lcd.c.obj
                0x08003460                lcd_display_dir
 .text.lcd_clear
                0x08003578       0x34 CMakeFiles/proj1.elf.dir/Users/Src/lcd.c.obj
                0x08003578                lcd_clear
 .text.lcd_init
                0x080035ac      0x2dc CMakeFiles/proj1.elf.dir/Users/Src/lcd.c.obj
                0x080035ac                lcd_init
 .text.lcd_fill
                0x08003888       0x48 CMakeFiles/proj1.elf.dir/Users/Src/lcd.c.obj
                0x08003888                lcd_fill
 .text.lcd_draw_line
                0x080038d0       0xa6 CMakeFiles/proj1.elf.dir/Users/Src/lcd.c.obj
                0x080038d0                lcd_draw_line
 .text.lcd_draw_circle
                0x08003976       0xe2 CMakeFiles/proj1.elf.dir/Users/Src/lcd.c.obj
                0x08003976                lcd_draw_circle
 .text.lcd_show_char
                0x08003a58      0x118 CMakeFiles/proj1.elf.dir/Users/Src/lcd.c.obj
                0x08003a58                lcd_show_char
 .text.lcd_show_string
                0x08003b70       0x62 CMakeFiles/proj1.elf.dir/Users/Src/lcd.c.obj
                0x08003b70                lcd_show_string
 .text.lcd_ex_st7789_reginit
                0x08003bd2      0x1a8 CMakeFiles/proj1.elf.dir/Users/Src/lcd_ex.c.obj
                0x08003bd2                lcd_ex_st7789_reginit
 .text.lcd_ex_ili9341_reginit
                0x08003d7a      0x22c CMakeFiles/proj1.elf.dir/Users/Src/lcd_ex.c.obj
                0x08003d7a                lcd_ex_ili9341_reginit
 .text.lcd_ex_nt35310_reginit
                0x08003fa6      0xef2 CMakeFiles/proj1.elf.dir/Users/Src/lcd_ex.c.obj
                0x08003fa6                lcd_ex_nt35310_reginit
 .text.lcd_ex_nt35510_reginit
                0x08004e98      0xefc CMakeFiles/proj1.elf.dir/Users/Src/lcd_ex.c.obj
                0x08004e98                lcd_ex_nt35510_reginit
 .text.lcd_ex_ssd1963_reginit
                0x08005d94      0x16e CMakeFiles/proj1.elf.dir/Users/Src/lcd_ex.c.obj
                0x08005d94                lcd_ex_ssd1963_reginit
 .text.iic_delay
                0x08005f02        0xa CMakeFiles/proj1.elf.dir/Users/Src/myiic.c.obj
 .text.iic_start
                0x08005f0c       0x40 CMakeFiles/proj1.elf.dir/Users/Src/myiic.c.obj
                0x08005f0c                iic_start
 .text.iic_stop
                0x08005f4c       0x34 CMakeFiles/proj1.elf.dir/Users/Src/myiic.c.obj
                0x08005f4c                iic_stop
 .text.iic_init
                0x08005f80       0x64 CMakeFiles/proj1.elf.dir/Users/Src/myiic.c.obj
                0x08005f80                iic_init
 .text.iic_wait_ack
                0x08005fe4       0x54 CMakeFiles/proj1.elf.dir/Users/Src/myiic.c.obj
                0x08005fe4                iic_wait_ack
 .text.iic_ack  0x08006038       0x44 CMakeFiles/proj1.elf.dir/Users/Src/myiic.c.obj
                0x08006038                iic_ack
 .text.iic_nack
                0x0800607c       0x34 CMakeFiles/proj1.elf.dir/Users/Src/myiic.c.obj
                0x0800607c                iic_nack
 .text.iic_send_byte
                0x080060b0       0x60 CMakeFiles/proj1.elf.dir/Users/Src/myiic.c.obj
                0x080060b0                iic_send_byte
 .text.iic_read_byte
                0x08006110       0x5c CMakeFiles/proj1.elf.dir/Users/Src/myiic.c.obj
                0x08006110                iic_read_byte
 .text.RetargetInit
                0x0800616c       0x20 CMakeFiles/proj1.elf.dir/Users/Src/retarget.c.obj
                0x0800616c                RetargetInit
 .text._isatty  0x0800618c       0x16 CMakeFiles/proj1.elf.dir/Users/Src/retarget.c.obj
                0x0800618c                _isatty
 *fill*         0x080061a2        0x2 
 .text._write   0x080061a4       0x34 CMakeFiles/proj1.elf.dir/Users/Src/retarget.c.obj
                0x080061a4                _write
 .text._close   0x080061d8       0x18 CMakeFiles/proj1.elf.dir/Users/Src/retarget.c.obj
                0x080061d8                _close
 .text._lseek   0x080061f0       0x10 CMakeFiles/proj1.elf.dir/Users/Src/retarget.c.obj
                0x080061f0                _lseek
 .text._read    0x08006200       0x30 CMakeFiles/proj1.elf.dir/Users/Src/retarget.c.obj
                0x08006200                _read
 .text._fstat   0x08006230       0x1a CMakeFiles/proj1.elf.dir/Users/Src/retarget.c.obj
                0x08006230                _fstat
 *fill*         0x0800624a        0x2 
 .text.tp_write_byte
                0x0800624c       0x5c CMakeFiles/proj1.elf.dir/Users/Src/touch.c.obj
 .text.tp_read_ad
                0x080062a8       0xbc CMakeFiles/proj1.elf.dir/Users/Src/touch.c.obj
 .text.tp_read_xoy
                0x08006364       0x98 CMakeFiles/proj1.elf.dir/Users/Src/touch.c.obj
 .text.tp_read_xy
                0x080063fc       0x40 CMakeFiles/proj1.elf.dir/Users/Src/touch.c.obj
 .text.tp_read_xy2
                0x0800643c       0x84 CMakeFiles/proj1.elf.dir/Users/Src/touch.c.obj
 .text.tp_scan  0x080064c0       0xe0 CMakeFiles/proj1.elf.dir/Users/Src/touch.c.obj
                0x080064c0                tp_scan
 .text.tp_draw_touch_point
                0x080065a0       0x8a CMakeFiles/proj1.elf.dir/Users/Src/touch.c.obj
 *fill*         0x0800662a        0x2 
 .text.tp_adjust_info_show
                0x0800662c      0x108 CMakeFiles/proj1.elf.dir/Users/Src/touch.c.obj
 .text.tp_save_adjust_data
                0x08006734       0x1c CMakeFiles/proj1.elf.dir/Users/Src/touch.c.obj
                0x08006734                tp_save_adjust_data
 .text.tp_get_adjust_data
                0x08006750       0x24 CMakeFiles/proj1.elf.dir/Users/Src/touch.c.obj
                0x08006750                tp_get_adjust_data
 *fill*         0x08006774        0x4 
 .text.tp_adjust
                0x08006778      0x340 CMakeFiles/proj1.elf.dir/Users/Src/touch.c.obj
                0x08006778                tp_adjust
 .text.tp_init  0x08006ab8      0x19c CMakeFiles/proj1.elf.dir/Users/Src/touch.c.obj
                0x08006ab8                tp_init
 .text.__errno  0x08006c54        0xc g:/program files/stmicroelectronics/stm32cube/gcc-arm-none-eabi-10.3-2021.10-win32/gcc-arm-none-eabi-10.3-2021.10/bin/../lib/gcc/arm-none-eabi/10.3.1/../../../../arm-none-eabi/lib/thumb/v7-m/nofp\libg.a(lib_a-errno.o)
                0x08006c54                __errno
 .text.__libc_init_array
                0x08006c60       0x48 g:/program files/stmicroelectronics/stm32cube/gcc-arm-none-eabi-10.3-2021.10-win32/gcc-arm-none-eabi-10.3-2021.10/bin/../lib/gcc/arm-none-eabi/10.3.1/../../../../arm-none-eabi/lib/thumb/v7-m/nofp\libg.a(lib_a-init.o)
                0x08006c60                __libc_init_array
 .text.memset   0x08006ca8       0xa4 g:/program files/stmicroelectronics/stm32cube/gcc-arm-none-eabi-10.3-2021.10-win32/gcc-arm-none-eabi-10.3-2021.10/bin/../lib/gcc/arm-none-eabi/10.3.1/../../../../arm-none-eabi/lib/thumb/v7-m/nofp\libg.a(lib_a-memset.o)
                0x08006ca8                memset
 .text.printf   0x08006d4c       0x28 g:/program files/stmicroelectronics/stm32cube/gcc-arm-none-eabi-10.3-2021.10-win32/gcc-arm-none-eabi-10.3-2021.10/bin/../lib/gcc/arm-none-eabi/10.3.1/../../../../arm-none-eabi/lib/thumb/v7-m/nofp\libg.a(lib_a-printf.o)
                0x08006d4c                printf
 .text.setvbuf  0x08006d74      0x1b0 g:/program files/stmicroelectronics/stm32cube/gcc-arm-none-eabi-10.3-2021.10-win32/gcc-arm-none-eabi-10.3-2021.10/bin/../lib/gcc/arm-none-eabi/10.3.1/../../../../arm-none-eabi/lib/thumb/v7-m/nofp\libg.a(lib_a-setvbuf.o)
                0x08006d74                setvbuf
 .text.sprintf  0x08006f24       0x44 g:/program files/stmicroelectronics/stm32cube/gcc-arm-none-eabi-10.3-2021.10-win32/gcc-arm-none-eabi-10.3-2021.10/bin/../lib/gcc/arm-none-eabi/10.3.1/../../../../arm-none-eabi/lib/thumb/v7-m/nofp\libg.a(lib_a-sprintf.o)
                0x08006f24                sprintf
 .text._svfprintf_r
                0x08006f68     0x1aa4 g:/program files/stmicroelectronics/stm32cube/gcc-arm-none-eabi-10.3-2021.10-win32/gcc-arm-none-eabi-10.3-2021.10/bin/../lib/gcc/arm-none-eabi/10.3.1/../../../../arm-none-eabi/lib/thumb/v7-m/nofp\libg.a(lib_a-svfprintf.o)
                0x08006f68                _svfprintf_r
 .text._vfprintf_r
                0x08008a0c     0x1b58 g:/program files/stmicroelectronics/stm32cube/gcc-arm-none-eabi-10.3-2021.10-win32/gcc-arm-none-eabi-10.3-2021.10/bin/../lib/gcc/arm-none-eabi/10.3.1/../../../../arm-none-eabi/lib/thumb/v7-m/nofp\libg.a(lib_a-vfprintf.o)
                0x08008a0c                _vfprintf_r
 .text.__sbprintf
                0x0800a564       0x84 g:/program files/stmicroelectronics/stm32cube/gcc-arm-none-eabi-10.3-2021.10-win32/gcc-arm-none-eabi-10.3-2021.10/bin/../lib/gcc/arm-none-eabi/10.3.1/../../../../arm-none-eabi/lib/thumb/v7-m/nofp\libg.a(lib_a-vfprintf.o)
 .text.__swsetup_r
                0x0800a5e8       0xd4 g:/program files/stmicroelectronics/stm32cube/gcc-arm-none-eabi-10.3-2021.10-win32/gcc-arm-none-eabi-10.3-2021.10/bin/../lib/gcc/arm-none-eabi/10.3.1/../../../../arm-none-eabi/lib/thumb/v7-m/nofp\libg.a(lib_a-wsetup.o)
                0x0800a5e8                __swsetup_r
 .text.startup.register_fini
                0x0800a6bc       0x14 g:/program files/stmicroelectronics/stm32cube/gcc-arm-none-eabi-10.3-2021.10-win32/gcc-arm-none-eabi-10.3-2021.10/bin/../lib/gcc/arm-none-eabi/10.3.1/../../../../arm-none-eabi/lib/thumb/v7-m/nofp\libg.a(lib_a-__call_atexit.o)
 .text.atexit   0x0800a6d0        0xc g:/program files/stmicroelectronics/stm32cube/gcc-arm-none-eabi-10.3-2021.10-win32/gcc-arm-none-eabi-10.3-2021.10/bin/../lib/gcc/arm-none-eabi/10.3.1/../../../../arm-none-eabi/lib/thumb/v7-m/nofp\libg.a(lib_a-atexit.o)
                0x0800a6d0                atexit
 .text.quorem   0x0800a6dc      0x12c g:/program files/stmicroelectronics/stm32cube/gcc-arm-none-eabi-10.3-2021.10-win32/gcc-arm-none-eabi-10.3-2021.10/bin/../lib/gcc/arm-none-eabi/10.3.1/../../../../arm-none-eabi/lib/thumb/v7-m/nofp\libg.a(lib_a-dtoa.o)
 .text._dtoa_r  0x0800a808      0xecc g:/program files/stmicroelectronics/stm32cube/gcc-arm-none-eabi-10.3-2021.10-win32/gcc-arm-none-eabi-10.3-2021.10/bin/../lib/gcc/arm-none-eabi/10.3.1/../../../../arm-none-eabi/lib/thumb/v7-m/nofp\libg.a(lib_a-dtoa.o)
                0x0800a808                _dtoa_r
 .text.__sflush_r
                0x0800b6d4      0x124 g:/program files/stmicroelectronics/stm32cube/gcc-arm-none-eabi-10.3-2021.10-win32/gcc-arm-none-eabi-10.3-2021.10/bin/../lib/gcc/arm-none-eabi/10.3.1/../../../../arm-none-eabi/lib/thumb/v7-m/nofp\libg.a(lib_a-fflush.o)
                0x0800b6d4                __sflush_r
 .text._fflush_r
                0x0800b7f8       0x5c g:/program files/stmicroelectronics/stm32cube/gcc-arm-none-eabi-10.3-2021.10-win32/gcc-arm-none-eabi-10.3-2021.10/bin/../lib/gcc/arm-none-eabi/10.3.1/../../../../arm-none-eabi/lib/thumb/v7-m/nofp\libg.a(lib_a-fflush.o)
                0x0800b7f8                _fflush_r
 .text._cleanup_r
                0x0800b854        0xc g:/program files/stmicroelectronics/stm32cube/gcc-arm-none-eabi-10.3-2021.10-win32/gcc-arm-none-eabi-10.3-2021.10/bin/../lib/gcc/arm-none-eabi/10.3.1/../../../../arm-none-eabi/lib/thumb/v7-m/nofp\libg.a(lib_a-findfp.o)
                0x0800b854                _cleanup_r
 .text.__sinit  0x0800b860      0x10c g:/program files/stmicroelectronics/stm32cube/gcc-arm-none-eabi-10.3-2021.10-win32/gcc-arm-none-eabi-10.3-2021.10/bin/../lib/gcc/arm-none-eabi/10.3.1/../../../../arm-none-eabi/lib/thumb/v7-m/nofp\libg.a(lib_a-findfp.o)
                0x0800b860                __sinit
 .text.__sfp_lock_acquire
                0x0800b96c        0xc g:/program files/stmicroelectronics/stm32cube/gcc-arm-none-eabi-10.3-2021.10-win32/gcc-arm-none-eabi-10.3-2021.10/bin/../lib/gcc/arm-none-eabi/10.3.1/../../../../arm-none-eabi/lib/thumb/v7-m/nofp\libg.a(lib_a-findfp.o)
                0x0800b96c                __sfp_lock_acquire
 .text.__sfp_lock_release
                0x0800b978        0xc g:/program files/stmicroelectronics/stm32cube/gcc-arm-none-eabi-10.3-2021.10-win32/gcc-arm-none-eabi-10.3-2021.10/bin/../lib/gcc/arm-none-eabi/10.3.1/../../../../arm-none-eabi/lib/thumb/v7-m/nofp\libg.a(lib_a-findfp.o)
                0x0800b978                __sfp_lock_release
 .text.__libc_fini_array
                0x0800b984       0x2c g:/program files/stmicroelectronics/stm32cube/gcc-arm-none-eabi-10.3-2021.10-win32/gcc-arm-none-eabi-10.3-2021.10/bin/../lib/gcc/arm-none-eabi/10.3.1/../../../../arm-none-eabi/lib/thumb/v7-m/nofp\libg.a(lib_a-fini.o)
                0x0800b984                __libc_fini_array
 .text._malloc_trim_r
                0x0800b9b0       0xa0 g:/program files/stmicroelectronics/stm32cube/gcc-arm-none-eabi-10.3-2021.10-win32/gcc-arm-none-eabi-10.3-2021.10/bin/../lib/gcc/arm-none-eabi/10.3.1/../../../../arm-none-eabi/lib/thumb/v7-m/nofp\libg.a(lib_a-freer.o)
                0x0800b9b0                _malloc_trim_r
 .text._free_r  0x0800ba50      0x200 g:/program files/stmicroelectronics/stm32cube/gcc-arm-none-eabi-10.3-2021.10-win32/gcc-arm-none-eabi-10.3-2021.10/bin/../lib/gcc/arm-none-eabi/10.3.1/../../../../arm-none-eabi/lib/thumb/v7-m/nofp\libg.a(lib_a-freer.o)
                0x0800ba50                _free_r
 .text._fwalk_reent
                0x0800bc50       0x48 g:/program files/stmicroelectronics/stm32cube/gcc-arm-none-eabi-10.3-2021.10-win32/gcc-arm-none-eabi-10.3-2021.10/bin/../lib/gcc/arm-none-eabi/10.3.1/../../../../arm-none-eabi/lib/thumb/v7-m/nofp\libg.a(lib_a-fwalk.o)
                0x0800bc50                _fwalk_reent
 .text._localeconv_r
                0x0800bc98        0x8 g:/program files/stmicroelectronics/stm32cube/gcc-arm-none-eabi-10.3-2021.10-win32/gcc-arm-none-eabi-10.3-2021.10/bin/../lib/gcc/arm-none-eabi/10.3.1/../../../../arm-none-eabi/lib/thumb/v7-m/nofp\libg.a(lib_a-localeconv.o)
                0x0800bc98                _localeconv_r
 .text.__retarget_lock_init_recursive
                0x0800bca0        0x4 g:/program files/stmicroelectronics/stm32cube/gcc-arm-none-eabi-10.3-2021.10-win32/gcc-arm-none-eabi-10.3-2021.10/bin/../lib/gcc/arm-none-eabi/10.3.1/../../../../arm-none-eabi/lib/thumb/v7-m/nofp\libg.a(lib_a-lock.o)
                0x0800bca0                __retarget_lock_init_recursive
 .text.__retarget_lock_close_recursive
                0x0800bca4        0x4 g:/program files/stmicroelectronics/stm32cube/gcc-arm-none-eabi-10.3-2021.10-win32/gcc-arm-none-eabi-10.3-2021.10/bin/../lib/gcc/arm-none-eabi/10.3.1/../../../../arm-none-eabi/lib/thumb/v7-m/nofp\libg.a(lib_a-lock.o)
                0x0800bca4                __retarget_lock_close_recursive
 .text.__retarget_lock_acquire_recursive
                0x0800bca8        0x4 g:/program files/stmicroelectronics/stm32cube/gcc-arm-none-eabi-10.3-2021.10-win32/gcc-arm-none-eabi-10.3-2021.10/bin/../lib/gcc/arm-none-eabi/10.3.1/../../../../arm-none-eabi/lib/thumb/v7-m/nofp\libg.a(lib_a-lock.o)
                0x0800bca8                __retarget_lock_acquire_recursive
 .text.__retarget_lock_release_recursive
                0x0800bcac        0x4 g:/program files/stmicroelectronics/stm32cube/gcc-arm-none-eabi-10.3-2021.10-win32/gcc-arm-none-eabi-10.3-2021.10/bin/../lib/gcc/arm-none-eabi/10.3.1/../../../../arm-none-eabi/lib/thumb/v7-m/nofp\libg.a(lib_a-lock.o)
                0x0800bcac                __retarget_lock_release_recursive
 .text.__smakebuf_r
                0x0800bcb0       0xe0 g:/program files/stmicroelectronics/stm32cube/gcc-arm-none-eabi-10.3-2021.10-win32/gcc-arm-none-eabi-10.3-2021.10/bin/../lib/gcc/arm-none-eabi/10.3.1/../../../../arm-none-eabi/lib/thumb/v7-m/nofp\libg.a(lib_a-makebuf.o)
                0x0800bcb0                __smakebuf_r
 .text.__swhatbuf_r
                0x0800bd90       0x60 g:/program files/stmicroelectronics/stm32cube/gcc-arm-none-eabi-10.3-2021.10-win32/gcc-arm-none-eabi-10.3-2021.10/bin/../lib/gcc/arm-none-eabi/10.3.1/../../../../arm-none-eabi/lib/thumb/v7-m/nofp\libg.a(lib_a-makebuf.o)
                0x0800bd90                __swhatbuf_r
 .text.malloc   0x0800bdf0       0x10 g:/program files/stmicroelectronics/stm32cube/gcc-arm-none-eabi-10.3-2021.10-win32/gcc-arm-none-eabi-10.3-2021.10/bin/../lib/gcc/arm-none-eabi/10.3.1/../../../../arm-none-eabi/lib/thumb/v7-m/nofp\libg.a(lib_a-malloc.o)
                0x0800bdf0                malloc
 .text._malloc_r
                0x0800be00      0x558 g:/program files/stmicroelectronics/stm32cube/gcc-arm-none-eabi-10.3-2021.10-win32/gcc-arm-none-eabi-10.3-2021.10/bin/../lib/gcc/arm-none-eabi/10.3.1/../../../../arm-none-eabi/lib/thumb/v7-m/nofp\libg.a(lib_a-mallocr.o)
                0x0800be00                _malloc_r
 .text.memchr   0x0800c358       0x90 g:/program files/stmicroelectronics/stm32cube/gcc-arm-none-eabi-10.3-2021.10-win32/gcc-arm-none-eabi-10.3-2021.10/bin/../lib/gcc/arm-none-eabi/10.3.1/../../../../arm-none-eabi/lib/thumb/v7-m/nofp\libg.a(lib_a-memchr-stub.o)
                0x0800c358                memchr
 .text.__malloc_lock
                0x0800c3e8        0xc g:/program files/stmicroelectronics/stm32cube/gcc-arm-none-eabi-10.3-2021.10-win32/gcc-arm-none-eabi-10.3-2021.10/bin/../lib/gcc/arm-none-eabi/10.3.1/../../../../arm-none-eabi/lib/thumb/v7-m/nofp\libg.a(lib_a-mlock.o)
                0x0800c3e8                __malloc_lock
 .text.__malloc_unlock
                0x0800c3f4        0xc g:/program files/stmicroelectronics/stm32cube/gcc-arm-none-eabi-10.3-2021.10-win32/gcc-arm-none-eabi-10.3-2021.10/bin/../lib/gcc/arm-none-eabi/10.3.1/../../../../arm-none-eabi/lib/thumb/v7-m/nofp\libg.a(lib_a-mlock.o)
                0x0800c3f4                __malloc_unlock
 .text._Balloc  0x0800c400       0x4c g:/program files/stmicroelectronics/stm32cube/gcc-arm-none-eabi-10.3-2021.10-win32/gcc-arm-none-eabi-10.3-2021.10/bin/../lib/gcc/arm-none-eabi/10.3.1/../../../../arm-none-eabi/lib/thumb/v7-m/nofp\libg.a(lib_a-mprec.o)
                0x0800c400                _Balloc
 .text._Bfree   0x0800c44c       0x14 g:/program files/stmicroelectronics/stm32cube/gcc-arm-none-eabi-10.3-2021.10-win32/gcc-arm-none-eabi-10.3-2021.10/bin/../lib/gcc/arm-none-eabi/10.3.1/../../../../arm-none-eabi/lib/thumb/v7-m/nofp\libg.a(lib_a-mprec.o)
                0x0800c44c                _Bfree
 .text.__multadd
                0x0800c460       0xa4 g:/program files/stmicroelectronics/stm32cube/gcc-arm-none-eabi-10.3-2021.10-win32/gcc-arm-none-eabi-10.3-2021.10/bin/../lib/gcc/arm-none-eabi/10.3.1/../../../../arm-none-eabi/lib/thumb/v7-m/nofp\libg.a(lib_a-mprec.o)
                0x0800c460                __multadd
 .text.__hi0bits
                0x0800c504       0x40 g:/program files/stmicroelectronics/stm32cube/gcc-arm-none-eabi-10.3-2021.10-win32/gcc-arm-none-eabi-10.3-2021.10/bin/../lib/gcc/arm-none-eabi/10.3.1/../../../../arm-none-eabi/lib/thumb/v7-m/nofp\libg.a(lib_a-mprec.o)
                0x0800c504                __hi0bits
 .text.__lo0bits
                0x0800c544       0x58 g:/program files/stmicroelectronics/stm32cube/gcc-arm-none-eabi-10.3-2021.10-win32/gcc-arm-none-eabi-10.3-2021.10/bin/../lib/gcc/arm-none-eabi/10.3.1/../../../../arm-none-eabi/lib/thumb/v7-m/nofp\libg.a(lib_a-mprec.o)
                0x0800c544                __lo0bits
 .text.__i2b    0x0800c59c       0x5c g:/program files/stmicroelectronics/stm32cube/gcc-arm-none-eabi-10.3-2021.10-win32/gcc-arm-none-eabi-10.3-2021.10/bin/../lib/gcc/arm-none-eabi/10.3.1/../../../../arm-none-eabi/lib/thumb/v7-m/nofp\libg.a(lib_a-mprec.o)
                0x0800c59c                __i2b
 .text.__multiply
                0x0800c5f8      0x15c g:/program files/stmicroelectronics/stm32cube/gcc-arm-none-eabi-10.3-2021.10-win32/gcc-arm-none-eabi-10.3-2021.10/bin/../lib/gcc/arm-none-eabi/10.3.1/../../../../arm-none-eabi/lib/thumb/v7-m/nofp\libg.a(lib_a-mprec.o)
                0x0800c5f8                __multiply
 .text.__pow5mult
                0x0800c754       0xb8 g:/program files/stmicroelectronics/stm32cube/gcc-arm-none-eabi-10.3-2021.10-win32/gcc-arm-none-eabi-10.3-2021.10/bin/../lib/gcc/arm-none-eabi/10.3.1/../../../../arm-none-eabi/lib/thumb/v7-m/nofp\libg.a(lib_a-mprec.o)
                0x0800c754                __pow5mult
 .text.__lshift
                0x0800c80c       0xec g:/program files/stmicroelectronics/stm32cube/gcc-arm-none-eabi-10.3-2021.10-win32/gcc-arm-none-eabi-10.3-2021.10/bin/../lib/gcc/arm-none-eabi/10.3.1/../../../../arm-none-eabi/lib/thumb/v7-m/nofp\libg.a(lib_a-mprec.o)
                0x0800c80c                __lshift
 .text.__mcmp   0x0800c8f8       0x40 g:/program files/stmicroelectronics/stm32cube/gcc-arm-none-eabi-10.3-2021.10-win32/gcc-arm-none-eabi-10.3-2021.10/bin/../lib/gcc/arm-none-eabi/10.3.1/../../../../arm-none-eabi/lib/thumb/v7-m/nofp\libg.a(lib_a-mprec.o)
                0x0800c8f8                __mcmp
 .text.__mdiff  0x0800c938      0x14c g:/program files/stmicroelectronics/stm32cube/gcc-arm-none-eabi-10.3-2021.10-win32/gcc-arm-none-eabi-10.3-2021.10/bin/../lib/gcc/arm-none-eabi/10.3.1/../../../../arm-none-eabi/lib/thumb/v7-m/nofp\libg.a(lib_a-mprec.o)
                0x0800c938                __mdiff
 .text.__d2b    0x0800ca84       0xc4 g:/program files/stmicroelectronics/stm32cube/gcc-arm-none-eabi-10.3-2021.10-win32/gcc-arm-none-eabi-10.3-2021.10/bin/../lib/gcc/arm-none-eabi/10.3.1/../../../../arm-none-eabi/lib/thumb/v7-m/nofp\libg.a(lib_a-mprec.o)
                0x0800ca84                __d2b
 .text.frexp    0x0800cb48       0x70 g:/program files/stmicroelectronics/stm32cube/gcc-arm-none-eabi-10.3-2021.10-win32/gcc-arm-none-eabi-10.3-2021.10/bin/../lib/gcc/arm-none-eabi/10.3.1/../../../../arm-none-eabi/lib/thumb/v7-m/nofp\libg.a(lib_a-s_frexp.o)
                0x0800cb48                frexp
 .text._sbrk_r  0x0800cbb8       0x24 g:/program files/stmicroelectronics/stm32cube/gcc-arm-none-eabi-10.3-2021.10-win32/gcc-arm-none-eabi-10.3-2021.10/bin/../lib/gcc/arm-none-eabi/10.3.1/../../../../arm-none-eabi/lib/thumb/v7-m/nofp\libg.a(lib_a-sbrkr.o)
                0x0800cbb8                _sbrk_r
 .text.__sread  0x0800cbdc       0x24 g:/program files/stmicroelectronics/stm32cube/gcc-arm-none-eabi-10.3-2021.10-win32/gcc-arm-none-eabi-10.3-2021.10/bin/../lib/gcc/arm-none-eabi/10.3.1/../../../../arm-none-eabi/lib/thumb/v7-m/nofp\libg.a(lib_a-stdio.o)
                0x0800cbdc                __sread
 .text.__swrite
                0x0800cc00       0x40 g:/program files/stmicroelectronics/stm32cube/gcc-arm-none-eabi-10.3-2021.10-win32/gcc-arm-none-eabi-10.3-2021.10/bin/../lib/gcc/arm-none-eabi/10.3.1/../../../../arm-none-eabi/lib/thumb/v7-m/nofp\libg.a(lib_a-stdio.o)
                0x0800cc00                __swrite
 .text.__sseek  0x0800cc40       0x20 g:/program files/stmicroelectronics/stm32cube/gcc-arm-none-eabi-10.3-2021.10-win32/gcc-arm-none-eabi-10.3-2021.10/bin/../lib/gcc/arm-none-eabi/10.3.1/../../../../arm-none-eabi/lib/thumb/v7-m/nofp\libg.a(lib_a-stdio.o)
                0x0800cc40                __sseek
 .text.__sclose
                0x0800cc60        0x8 g:/program files/stmicroelectronics/stm32cube/gcc-arm-none-eabi-10.3-2021.10-win32/gcc-arm-none-eabi-10.3-2021.10/bin/../lib/gcc/arm-none-eabi/10.3.1/../../../../arm-none-eabi/lib/thumb/v7-m/nofp\libg.a(lib_a-stdio.o)
                0x0800cc60                __sclose
 .text.strlen   0x0800cc68       0x5c g:/program files/stmicroelectronics/stm32cube/gcc-arm-none-eabi-10.3-2021.10-win32/gcc-arm-none-eabi-10.3-2021.10/bin/../lib/gcc/arm-none-eabi/10.3.1/../../../../arm-none-eabi/lib/thumb/v7-m/nofp\libg.a(lib_a-strlen-stub.o)
                0x0800cc68                strlen
 .text.strncpy  0x0800ccc4       0x68 g:/program files/stmicroelectronics/stm32cube/gcc-arm-none-eabi-10.3-2021.10-win32/gcc-arm-none-eabi-10.3-2021.10/bin/../lib/gcc/arm-none-eabi/10.3.1/../../../../arm-none-eabi/lib/thumb/v7-m/nofp\libg.a(lib_a-strncpy.o)
                0x0800ccc4                strncpy
 .text.__ssprint_r
                0x0800cd2c       0xfc g:/program files/stmicroelectronics/stm32cube/gcc-arm-none-eabi-10.3-2021.10-win32/gcc-arm-none-eabi-10.3-2021.10/bin/../lib/gcc/arm-none-eabi/10.3.1/../../../../arm-none-eabi/lib/thumb/v7-m/nofp\libg.a(lib_a-svfiprintf.o)
                0x0800cd2c                __ssprint_r
 .text.__sprint_r.part.0
                0x0800ce28       0x78 g:/program files/stmicroelectronics/stm32cube/gcc-arm-none-eabi-10.3-2021.10-win32/gcc-arm-none-eabi-10.3-2021.10/bin/../lib/gcc/arm-none-eabi/10.3.1/../../../../arm-none-eabi/lib/thumb/v7-m/nofp\libg.a(lib_a-vfiprintf.o)
 .text.__sprint_r
                0x0800cea0       0x14 g:/program files/stmicroelectronics/stm32cube/gcc-arm-none-eabi-10.3-2021.10-win32/gcc-arm-none-eabi-10.3-2021.10/bin/../lib/gcc/arm-none-eabi/10.3.1/../../../../arm-none-eabi/lib/thumb/v7-m/nofp\libg.a(lib_a-vfiprintf.o)
                0x0800cea0                __sprint_r
 .text._vfiprintf_r
                0x0800ceb4      0xd98 g:/program files/stmicroelectronics/stm32cube/gcc-arm-none-eabi-10.3-2021.10-win32/gcc-arm-none-eabi-10.3-2021.10/bin/../lib/gcc/arm-none-eabi/10.3.1/../../../../arm-none-eabi/lib/thumb/v7-m/nofp\libg.a(lib_a-vfiprintf.o)
                0x0800ceb4                _vfiprintf_r
 .text.__sbprintf
                0x0800dc4c       0x84 g:/program files/stmicroelectronics/stm32cube/gcc-arm-none-eabi-10.3-2021.10-win32/gcc-arm-none-eabi-10.3-2021.10/bin/../lib/gcc/arm-none-eabi/10.3.1/../../../../arm-none-eabi/lib/thumb/v7-m/nofp\libg.a(lib_a-vfiprintf.o)
 .text._write_r
                0x0800dcd0       0x2c g:/program files/stmicroelectronics/stm32cube/gcc-arm-none-eabi-10.3-2021.10-win32/gcc-arm-none-eabi-10.3-2021.10/bin/../lib/gcc/arm-none-eabi/10.3.1/../../../../arm-none-eabi/lib/thumb/v7-m/nofp\libg.a(lib_a-writer.o)
                0x0800dcd0                _write_r
 .text.__register_exitproc
                0x0800dcfc       0x8c g:/program files/stmicroelectronics/stm32cube/gcc-arm-none-eabi-10.3-2021.10-win32/gcc-arm-none-eabi-10.3-2021.10/bin/../lib/gcc/arm-none-eabi/10.3.1/../../../../arm-none-eabi/lib/thumb/v7-m/nofp\libg.a(lib_a-__atexit.o)
                0x0800dcfc                __register_exitproc
 .text.__assert_func
                0x0800dd88       0x40 g:/program files/stmicroelectronics/stm32cube/gcc-arm-none-eabi-10.3-2021.10-win32/gcc-arm-none-eabi-10.3-2021.10/bin/../lib/gcc/arm-none-eabi/10.3.1/../../../../arm-none-eabi/lib/thumb/v7-m/nofp\libg.a(lib_a-assert.o)
                0x0800dd88                __assert_func
 .text._calloc_r
                0x0800ddc8       0x78 g:/program files/stmicroelectronics/stm32cube/gcc-arm-none-eabi-10.3-2021.10-win32/gcc-arm-none-eabi-10.3-2021.10/bin/../lib/gcc/arm-none-eabi/10.3.1/../../../../arm-none-eabi/lib/thumb/v7-m/nofp\libg.a(lib_a-callocr.o)
                0x0800ddc8                _calloc_r
 .text._close_r
                0x0800de40       0x24 g:/program files/stmicroelectronics/stm32cube/gcc-arm-none-eabi-10.3-2021.10-win32/gcc-arm-none-eabi-10.3-2021.10/bin/../lib/gcc/arm-none-eabi/10.3.1/../../../../arm-none-eabi/lib/thumb/v7-m/nofp\libg.a(lib_a-closer.o)
                0x0800de40                _close_r
 .text._fclose_r
                0x0800de64       0xcc g:/program files/stmicroelectronics/stm32cube/gcc-arm-none-eabi-10.3-2021.10-win32/gcc-arm-none-eabi-10.3-2021.10/bin/../lib/gcc/arm-none-eabi/10.3.1/../../../../arm-none-eabi/lib/thumb/v7-m/nofp\libg.a(lib_a-fclose.o)
                0x0800de64                _fclose_r
 .text.fiprintf
                0x0800df30       0x28 g:/program files/stmicroelectronics/stm32cube/gcc-arm-none-eabi-10.3-2021.10-win32/gcc-arm-none-eabi-10.3-2021.10/bin/../lib/gcc/arm-none-eabi/10.3.1/../../../../arm-none-eabi/lib/thumb/v7-m/nofp\libg.a(lib_a-fiprintf.o)
                0x0800df30                fiprintf
 .text.__fputwc
                0x0800df58       0xa0 g:/program files/stmicroelectronics/stm32cube/gcc-arm-none-eabi-10.3-2021.10-win32/gcc-arm-none-eabi-10.3-2021.10/bin/../lib/gcc/arm-none-eabi/10.3.1/../../../../arm-none-eabi/lib/thumb/v7-m/nofp\libg.a(lib_a-fputwc.o)
                0x0800df58                __fputwc
 .text._fputwc_r
                0x0800dff8       0x68 g:/program files/stmicroelectronics/stm32cube/gcc-arm-none-eabi-10.3-2021.10-win32/gcc-arm-none-eabi-10.3-2021.10/bin/../lib/gcc/arm-none-eabi/10.3.1/../../../../arm-none-eabi/lib/thumb/v7-m/nofp\libg.a(lib_a-fputwc.o)
                0x0800dff8                _fputwc_r
 .text._fstat_r
                0x0800e060       0x28 g:/program files/stmicroelectronics/stm32cube/gcc-arm-none-eabi-10.3-2021.10-win32/gcc-arm-none-eabi-10.3-2021.10/bin/../lib/gcc/arm-none-eabi/10.3.1/../../../../arm-none-eabi/lib/thumb/v7-m/nofp\libg.a(lib_a-fstatr.o)
                0x0800e060                _fstat_r
 .text.__sfvwrite_r
                0x0800e088      0x2f0 g:/program files/stmicroelectronics/stm32cube/gcc-arm-none-eabi-10.3-2021.10-win32/gcc-arm-none-eabi-10.3-2021.10/bin/../lib/gcc/arm-none-eabi/10.3.1/../../../../arm-none-eabi/lib/thumb/v7-m/nofp\libg.a(lib_a-fvwrite.o)
                0x0800e088                __sfvwrite_r
 .text._isatty_r
                0x0800e378       0x24 g:/program files/stmicroelectronics/stm32cube/gcc-arm-none-eabi-10.3-2021.10-win32/gcc-arm-none-eabi-10.3-2021.10/bin/../lib/gcc/arm-none-eabi/10.3.1/../../../../arm-none-eabi/lib/thumb/v7-m/nofp\libg.a(lib_a-isattyr.o)
                0x0800e378                _isatty_r
 .text.__locale_mb_cur_max
                0x0800e39c        0xc g:/program files/stmicroelectronics/stm32cube/gcc-arm-none-eabi-10.3-2021.10-win32/gcc-arm-none-eabi-10.3-2021.10/bin/../lib/gcc/arm-none-eabi/10.3.1/../../../../arm-none-eabi/lib/thumb/v7-m/nofp\libg.a(lib_a-locale.o)
                0x0800e39c                __locale_mb_cur_max
 .text._lseek_r
                0x0800e3a8       0x2c g:/program files/stmicroelectronics/stm32cube/gcc-arm-none-eabi-10.3-2021.10-win32/gcc-arm-none-eabi-10.3-2021.10/bin/../lib/gcc/arm-none-eabi/10.3.1/../../../../arm-none-eabi/lib/thumb/v7-m/nofp\libg.a(lib_a-lseekr.o)
                0x0800e3a8                _lseek_r
 .text.__ascii_mbtowc
                0x0800e3d4       0x2c g:/program files/stmicroelectronics/stm32cube/gcc-arm-none-eabi-10.3-2021.10-win32/gcc-arm-none-eabi-10.3-2021.10/bin/../lib/gcc/arm-none-eabi/10.3.1/../../../../arm-none-eabi/lib/thumb/v7-m/nofp\libg.a(lib_a-mbtowc_r.o)
                0x0800e3d4                __ascii_mbtowc
 .text.memmove  0x0800e400       0xf8 g:/program files/stmicroelectronics/stm32cube/gcc-arm-none-eabi-10.3-2021.10-win32/gcc-arm-none-eabi-10.3-2021.10/bin/../lib/gcc/arm-none-eabi/10.3.1/../../../../arm-none-eabi/lib/thumb/v7-m/nofp\libg.a(lib_a-memmove.o)
                0x0800e400                memmove
 .text._read_r  0x0800e4f8       0x2c g:/program files/stmicroelectronics/stm32cube/gcc-arm-none-eabi-10.3-2021.10-win32/gcc-arm-none-eabi-10.3-2021.10/bin/../lib/gcc/arm-none-eabi/10.3.1/../../../../arm-none-eabi/lib/thumb/v7-m/nofp\libg.a(lib_a-readr.o)
                0x0800e4f8                _read_r
 .text._realloc_r
                0x0800e524      0x3dc g:/program files/stmicroelectronics/stm32cube/gcc-arm-none-eabi-10.3-2021.10-win32/gcc-arm-none-eabi-10.3-2021.10/bin/../lib/gcc/arm-none-eabi/10.3.1/../../../../arm-none-eabi/lib/thumb/v7-m/nofp\libg.a(lib_a-reallocr.o)
                0x0800e524                _realloc_r
 .text.__swbuf_r
                0x0800e900       0xb0 g:/program files/stmicroelectronics/stm32cube/gcc-arm-none-eabi-10.3-2021.10-win32/gcc-arm-none-eabi-10.3-2021.10/bin/../lib/gcc/arm-none-eabi/10.3.1/../../../../arm-none-eabi/lib/thumb/v7-m/nofp\libg.a(lib_a-wbuf.o)
                0x0800e900                __swbuf_r
 .text._wcrtomb_r
                0x0800e9b0       0x3c g:/program files/stmicroelectronics/stm32cube/gcc-arm-none-eabi-10.3-2021.10-win32/gcc-arm-none-eabi-10.3-2021.10/bin/../lib/gcc/arm-none-eabi/10.3.1/../../../../arm-none-eabi/lib/thumb/v7-m/nofp\libg.a(lib_a-wcrtomb.o)
                0x0800e9b0                _wcrtomb_r
 .text.__ascii_wctomb
                0x0800e9ec       0x1c g:/program files/stmicroelectronics/stm32cube/gcc-arm-none-eabi-10.3-2021.10-win32/gcc-arm-none-eabi-10.3-2021.10/bin/../lib/gcc/arm-none-eabi/10.3.1/../../../../arm-none-eabi/lib/thumb/v7-m/nofp\libg.a(lib_a-wctomb_r.o)
                0x0800e9ec                __ascii_wctomb
 .text.abort    0x0800ea08       0x10 g:/program files/stmicroelectronics/stm32cube/gcc-arm-none-eabi-10.3-2021.10-win32/gcc-arm-none-eabi-10.3-2021.10/bin/../lib/gcc/arm-none-eabi/10.3.1/../../../../arm-none-eabi/lib/thumb/v7-m/nofp\libg.a(lib_a-abort.o)
                0x0800ea08                abort
 .text.raise    0x0800ea18       0x5c g:/program files/stmicroelectronics/stm32cube/gcc-arm-none-eabi-10.3-2021.10-win32/gcc-arm-none-eabi-10.3-2021.10/bin/../lib/gcc/arm-none-eabi/10.3.1/../../../../arm-none-eabi/lib/thumb/v7-m/nofp\libg.a(lib_a-signal.o)
                0x0800ea18                raise
 .text._kill_r  0x0800ea74       0x28 g:/program files/stmicroelectronics/stm32cube/gcc-arm-none-eabi-10.3-2021.10-win32/gcc-arm-none-eabi-10.3-2021.10/bin/../lib/gcc/arm-none-eabi/10.3.1/../../../../arm-none-eabi/lib/thumb/v7-m/nofp\libg.a(lib_a-signalr.o)
                0x0800ea74                _kill_r
 .text._getpid_r
                0x0800ea9c        0x4 g:/program files/stmicroelectronics/stm32cube/gcc-arm-none-eabi-10.3-2021.10-win32/gcc-arm-none-eabi-10.3-2021.10/bin/../lib/gcc/arm-none-eabi/10.3.1/../../../../arm-none-eabi/lib/thumb/v7-m/nofp\libg.a(lib_a-signalr.o)
                0x0800ea9c                _getpid_r
 *(.glue_7)
 .glue_7        0x0800eaa0        0x0 linker stubs
 *(.glue_7t)
 .glue_7t       0x0800eaa0        0x0 linker stubs
 *(.eh_frame)
 .eh_frame      0x0800eaa0        0x0 g:/program files/stmicroelectronics/stm32cube/gcc-arm-none-eabi-10.3-2021.10-win32/gcc-arm-none-eabi-10.3-2021.10/bin/../lib/gcc/arm-none-eabi/10.3.1/thumb/v7-m/nofp/crtbegin.o
 *(.init)
 .init          0x0800eaa0        0x4 g:/program files/stmicroelectronics/stm32cube/gcc-arm-none-eabi-10.3-2021.10-win32/gcc-arm-none-eabi-10.3-2021.10/bin/../lib/gcc/arm-none-eabi/10.3.1/thumb/v7-m/nofp/crti.o
                0x0800eaa0                _init
 .init          0x0800eaa4        0x8 g:/program files/stmicroelectronics/stm32cube/gcc-arm-none-eabi-10.3-2021.10-win32/gcc-arm-none-eabi-10.3-2021.10/bin/../lib/gcc/arm-none-eabi/10.3.1/thumb/v7-m/nofp/crtn.o
 *(.fini)
 .fini          0x0800eaac        0x4 g:/program files/stmicroelectronics/stm32cube/gcc-arm-none-eabi-10.3-2021.10-win32/gcc-arm-none-eabi-10.3-2021.10/bin/../lib/gcc/arm-none-eabi/10.3.1/thumb/v7-m/nofp/crti.o
                0x0800eaac                _fini
 .fini          0x0800eab0        0x8 g:/program files/stmicroelectronics/stm32cube/gcc-arm-none-eabi-10.3-2021.10-win32/gcc-arm-none-eabi-10.3-2021.10/bin/../lib/gcc/arm-none-eabi/10.3.1/thumb/v7-m/nofp/crtn.o
                0x0800eab8                . = ALIGN (0x4)
                0x0800eab8                _etext = .

.vfp11_veneer   0x0800eab8        0x0
 .vfp11_veneer  0x0800eab8        0x0 linker stubs

.v4_bx          0x0800eab8        0x0
 .v4_bx         0x0800eab8        0x0 linker stubs

.iplt           0x0800eab8        0x0
 .iplt          0x0800eab8        0x0 g:/program files/stmicroelectronics/stm32cube/gcc-arm-none-eabi-10.3-2021.10-win32/gcc-arm-none-eabi-10.3-2021.10/bin/../lib/gcc/arm-none-eabi/10.3.1/thumb/v7-m/nofp/crtbegin.o

.rodata         0x0800eab8     0x34a0
                0x0800eab8                . = ALIGN (0x4)
 *(.rodata)
 *(.rodata*)
 .rodata.APBPrescTable
                0x0800eab8        0x8 CMakeFiles/proj1.elf.dir/Core/Src/system_stm32f1xx.c.obj
                0x0800eab8                APBPrescTable
 .rodata.FT5206_TPX_TBL
                0x0800eac0        0xa CMakeFiles/proj1.elf.dir/Users/Src/ft5206.c.obj
                0x0800eac0                FT5206_TPX_TBL
 *fill*         0x0800eaca        0x2 
 .rodata.gt9xxx_init.str1.4
                0x0800eacc       0x11 CMakeFiles/proj1.elf.dir/Users/Src/gt9xxx.c.obj
 *fill*         0x0800eadd        0x3 
 .rodata.GT9XXX_TPX_TBL
                0x0800eae0       0x14 CMakeFiles/proj1.elf.dir/Users/Src/gt9xxx.c.obj
                0x0800eae0                GT9XXX_TPX_TBL
 .rodata.lcd_init.str1.4
                0x0800eaf4        0xc CMakeFiles/proj1.elf.dir/Users/Src/lcd.c.obj
 .rodata.asc2_1206
                0x0800eb00      0x474 CMakeFiles/proj1.elf.dir/Users/Src/lcd.c.obj
                0x0800eb00                asc2_1206
 .rodata.asc2_1608
                0x0800ef74      0x5f0 CMakeFiles/proj1.elf.dir/Users/Src/lcd.c.obj
                0x0800ef74                asc2_1608
 .rodata.asc2_2412
                0x0800f564      0xd5c CMakeFiles/proj1.elf.dir/Users/Src/lcd.c.obj
                0x0800f564                asc2_2412
 .rodata.asc2_3216
                0x080102c0     0x17c0 CMakeFiles/proj1.elf.dir/Users/Src/lcd.c.obj
                0x080102c0                asc2_3216
 .rodata.tp_adjust_info_show.str1.4
                0x08011a80       0x25 CMakeFiles/proj1.elf.dir/Users/Src/touch.c.obj
 *fill*         0x08011aa5        0x3 
 .rodata.tp_adjust.str1.4
                0x08011aa8       0x94 CMakeFiles/proj1.elf.dir/Users/Src/touch.c.obj
 .rodata._global_impure_ptr
                0x08011b3c        0x4 g:/program files/stmicroelectronics/stm32cube/gcc-arm-none-eabi-10.3-2021.10-win32/gcc-arm-none-eabi-10.3-2021.10/bin/../lib/gcc/arm-none-eabi/10.3.1/../../../../arm-none-eabi/lib/thumb/v7-m/nofp\libg.a(lib_a-impure.o)
                0x08011b3c                _global_impure_ptr
 .rodata._svfprintf_r.str1.4
                0x08011b40       0x42 g:/program files/stmicroelectronics/stm32cube/gcc-arm-none-eabi-10.3-2021.10-win32/gcc-arm-none-eabi-10.3-2021.10/bin/../lib/gcc/arm-none-eabi/10.3.1/../../../../arm-none-eabi/lib/thumb/v7-m/nofp\libg.a(lib_a-svfprintf.o)
 *fill*         0x08011b82        0x2 
 .rodata.blanks.1
                0x08011b84       0x10 g:/program files/stmicroelectronics/stm32cube/gcc-arm-none-eabi-10.3-2021.10-win32/gcc-arm-none-eabi-10.3-2021.10/bin/../lib/gcc/arm-none-eabi/10.3.1/../../../../arm-none-eabi/lib/thumb/v7-m/nofp\libg.a(lib_a-svfprintf.o)
 .rodata.zeroes.0
                0x08011b94       0x10 g:/program files/stmicroelectronics/stm32cube/gcc-arm-none-eabi-10.3-2021.10-win32/gcc-arm-none-eabi-10.3-2021.10/bin/../lib/gcc/arm-none-eabi/10.3.1/../../../../arm-none-eabi/lib/thumb/v7-m/nofp\libg.a(lib_a-svfprintf.o)
 .rodata._vfprintf_r.str1.4
                0x08011ba4       0x42 g:/program files/stmicroelectronics/stm32cube/gcc-arm-none-eabi-10.3-2021.10-win32/gcc-arm-none-eabi-10.3-2021.10/bin/../lib/gcc/arm-none-eabi/10.3.1/../../../../arm-none-eabi/lib/thumb/v7-m/nofp\libg.a(lib_a-vfprintf.o)
 .rodata.blanks.1
                0x08011ba4       0x10 g:/program files/stmicroelectronics/stm32cube/gcc-arm-none-eabi-10.3-2021.10-win32/gcc-arm-none-eabi-10.3-2021.10/bin/../lib/gcc/arm-none-eabi/10.3.1/../../../../arm-none-eabi/lib/thumb/v7-m/nofp\libg.a(lib_a-vfprintf.o)
 .rodata.zeroes.0
                0x08011bb4       0x10 g:/program files/stmicroelectronics/stm32cube/gcc-arm-none-eabi-10.3-2021.10-win32/gcc-arm-none-eabi-10.3-2021.10/bin/../lib/gcc/arm-none-eabi/10.3.1/../../../../arm-none-eabi/lib/thumb/v7-m/nofp\libg.a(lib_a-vfprintf.o)
 .rodata._dtoa_r.str1.4
                0x08011bc4       0xa2 g:/program files/stmicroelectronics/stm32cube/gcc-arm-none-eabi-10.3-2021.10-win32/gcc-arm-none-eabi-10.3-2021.10/bin/../lib/gcc/arm-none-eabi/10.3.1/../../../../arm-none-eabi/lib/thumb/v7-m/nofp\libg.a(lib_a-dtoa.o)
                                 0xa6 (size before relaxing)
 *fill*         0x08011c66        0x2 
 .rodata.__multadd.str1.4
                0x08011c68       0x7f g:/program files/stmicroelectronics/stm32cube/gcc-arm-none-eabi-10.3-2021.10-win32/gcc-arm-none-eabi-10.3-2021.10/bin/../lib/gcc/arm-none-eabi/10.3.1/../../../../arm-none-eabi/lib/thumb/v7-m/nofp\libg.a(lib_a-mprec.o)
                                 0x93 (size before relaxing)
 *fill*         0x08011ce7        0x1 
 .rodata.__mprec_bigtens
                0x08011ce8       0x28 g:/program files/stmicroelectronics/stm32cube/gcc-arm-none-eabi-10.3-2021.10-win32/gcc-arm-none-eabi-10.3-2021.10/bin/../lib/gcc/arm-none-eabi/10.3.1/../../../../arm-none-eabi/lib/thumb/v7-m/nofp\libg.a(lib_a-mprec.o)
                0x08011ce8                __mprec_bigtens
 .rodata.__mprec_tens
                0x08011d10       0xc8 g:/program files/stmicroelectronics/stm32cube/gcc-arm-none-eabi-10.3-2021.10-win32/gcc-arm-none-eabi-10.3-2021.10/bin/../lib/gcc/arm-none-eabi/10.3.1/../../../../arm-none-eabi/lib/thumb/v7-m/nofp\libg.a(lib_a-mprec.o)
                0x08011d10                __mprec_tens
 .rodata.p05.0  0x08011dd8        0xc g:/program files/stmicroelectronics/stm32cube/gcc-arm-none-eabi-10.3-2021.10-win32/gcc-arm-none-eabi-10.3-2021.10/bin/../lib/gcc/arm-none-eabi/10.3.1/../../../../arm-none-eabi/lib/thumb/v7-m/nofp\libg.a(lib_a-mprec.o)
 .rodata._vfiprintf_r.str1.4
                0x08011de4       0x2f g:/program files/stmicroelectronics/stm32cube/gcc-arm-none-eabi-10.3-2021.10-win32/gcc-arm-none-eabi-10.3-2021.10/bin/../lib/gcc/arm-none-eabi/10.3.1/../../../../arm-none-eabi/lib/thumb/v7-m/nofp\libg.a(lib_a-vfiprintf.o)
 .rodata.blanks.1
                0x08011de4       0x10 g:/program files/stmicroelectronics/stm32cube/gcc-arm-none-eabi-10.3-2021.10-win32/gcc-arm-none-eabi-10.3-2021.10/bin/../lib/gcc/arm-none-eabi/10.3.1/../../../../arm-none-eabi/lib/thumb/v7-m/nofp\libg.a(lib_a-vfiprintf.o)
 .rodata.zeroes.0
                0x08011df4       0x10 g:/program files/stmicroelectronics/stm32cube/gcc-arm-none-eabi-10.3-2021.10-win32/gcc-arm-none-eabi-10.3-2021.10/bin/../lib/gcc/arm-none-eabi/10.3.1/../../../../arm-none-eabi/lib/thumb/v7-m/nofp\libg.a(lib_a-vfiprintf.o)
 .rodata.__assert_func.str1.4
                0x08011e04       0x3f g:/program files/stmicroelectronics/stm32cube/gcc-arm-none-eabi-10.3-2021.10-win32/gcc-arm-none-eabi-10.3-2021.10/bin/../lib/gcc/arm-none-eabi/10.3.1/../../../../arm-none-eabi/lib/thumb/v7-m/nofp\libg.a(lib_a-assert.o)
                                 0x43 (size before relaxing)
 *fill*         0x08011e43        0x1 
 .rodata._setlocale_r.str1.4
                0x08011e44        0xa g:/program files/stmicroelectronics/stm32cube/gcc-arm-none-eabi-10.3-2021.10-win32/gcc-arm-none-eabi-10.3-2021.10/bin/../lib/gcc/arm-none-eabi/10.3.1/../../../../arm-none-eabi/lib/thumb/v7-m/nofp\libg.a(lib_a-locale.o)
                                  0xd (size before relaxing)
 *fill*         0x08011e4e        0x2 
 .rodata.str1.4
                0x08011e50        0x2 g:/program files/stmicroelectronics/stm32cube/gcc-arm-none-eabi-10.3-2021.10-win32/gcc-arm-none-eabi-10.3-2021.10/bin/../lib/gcc/arm-none-eabi/10.3.1/../../../../arm-none-eabi/lib/thumb/v7-m/nofp\libg.a(lib_a-locale.o)
 *fill*         0x08011e52        0x2 
 .rodata._ctype_
                0x08011e54      0x101 g:/program files/stmicroelectronics/stm32cube/gcc-arm-none-eabi-10.3-2021.10-win32/gcc-arm-none-eabi-10.3-2021.10/bin/../lib/gcc/arm-none-eabi/10.3.1/../../../../arm-none-eabi/lib/thumb/v7-m/nofp\libg.a(lib_a-ctype_.o)
                0x08011e54                _ctype_
                0x08011f58                . = ALIGN (0x4)
 *fill*         0x08011f55        0x3 

.ARM.extab      0x08011f58        0x0
                0x08011f58                . = ALIGN (0x4)
 *(.ARM.extab* .gnu.linkonce.armextab.*)
                0x08011f58                . = ALIGN (0x4)

.ARM            0x08011f58        0x8
                0x08011f58                . = ALIGN (0x4)
                0x08011f58                __exidx_start = .
 *(.ARM.exidx*)
 .ARM.exidx     0x08011f58        0x8 g:/program files/stmicroelectronics/stm32cube/gcc-arm-none-eabi-10.3-2021.10-win32/gcc-arm-none-eabi-10.3-2021.10/bin/../lib/gcc/arm-none-eabi/10.3.1/thumb/v7-m/nofp\libgcc.a(_udivmoddi4.o)
                0x08011f60                __exidx_end = .
                0x08011f60                . = ALIGN (0x4)

.rel.dyn        0x08011f60        0x0
 .rel.iplt      0x08011f60        0x0 g:/program files/stmicroelectronics/stm32cube/gcc-arm-none-eabi-10.3-2021.10-win32/gcc-arm-none-eabi-10.3-2021.10/bin/../lib/gcc/arm-none-eabi/10.3.1/thumb/v7-m/nofp/crtbegin.o

.preinit_array  0x08011f60        0x0
                0x08011f60                . = ALIGN (0x4)
                0x08011f60                PROVIDE (__preinit_array_start = .)
 *(.preinit_array*)
                0x08011f60                PROVIDE (__preinit_array_end = .)
                0x08011f60                . = ALIGN (0x4)

.init_array     0x08011f60        0x8
                0x08011f60                . = ALIGN (0x4)
                0x08011f60                PROVIDE (__init_array_start = .)
 *(SORT_BY_NAME(.init_array.*))
 .init_array.00000
                0x08011f60        0x4 g:/program files/stmicroelectronics/stm32cube/gcc-arm-none-eabi-10.3-2021.10-win32/gcc-arm-none-eabi-10.3-2021.10/bin/../lib/gcc/arm-none-eabi/10.3.1/../../../../arm-none-eabi/lib/thumb/v7-m/nofp\libg.a(lib_a-__call_atexit.o)
 *(.init_array*)
 .init_array    0x08011f64        0x4 g:/program files/stmicroelectronics/stm32cube/gcc-arm-none-eabi-10.3-2021.10-win32/gcc-arm-none-eabi-10.3-2021.10/bin/../lib/gcc/arm-none-eabi/10.3.1/thumb/v7-m/nofp/crtbegin.o
                0x08011f68                PROVIDE (__init_array_end = .)
                0x08011f68                . = ALIGN (0x4)

.fini_array     0x08011f68        0x4
                0x08011f68                . = ALIGN (0x4)
                0x08011f68                PROVIDE (__fini_array_start = .)
 *(SORT_BY_NAME(.fini_array.*))
 *(.fini_array*)
 .fini_array    0x08011f68        0x4 g:/program files/stmicroelectronics/stm32cube/gcc-arm-none-eabi-10.3-2021.10-win32/gcc-arm-none-eabi-10.3-2021.10/bin/../lib/gcc/arm-none-eabi/10.3.1/thumb/v7-m/nofp/crtbegin.o
                0x08011f6c                PROVIDE (__fini_array_end = .)
                0x08011f6c                . = ALIGN (0x4)
                0x08011f6c                _sidata = LOADADDR (.data)

.data           0x20000000      0xa08 load address 0x08011f6c
                0x20000000                . = ALIGN (0x4)
                0x20000000                _sdata = .
 *(.data)
 *(.data*)
 .data.SystemCoreClock
                0x20000000        0x4 CMakeFiles/proj1.elf.dir/Core/Src/system_stm32f1xx.c.obj
                0x20000000                SystemCoreClock
 .data.uwTickFreq
                0x20000004        0x1 CMakeFiles/proj1.elf.dir/Drivers/STM32F1xx_HAL_Driver/Src/stm32f1xx_hal.c.obj
                0x20000004                uwTickFreq
 *fill*         0x20000005        0x3 
 .data.uwTickPrio
                0x20000008        0x4 CMakeFiles/proj1.elf.dir/Drivers/STM32F1xx_HAL_Driver/Src/stm32f1xx_hal.c.obj
                0x20000008                uwTickPrio
 .data.g_gt_tnum
                0x2000000c        0x1 CMakeFiles/proj1.elf.dir/Users/Src/gt9xxx.c.obj
                0x2000000c                g_gt_tnum
 *fill*         0x2000000d        0x3 
 .data.g_back_color
                0x20000010        0x4 CMakeFiles/proj1.elf.dir/Users/Src/lcd.c.obj
                0x20000010                g_back_color
 .data.tp_dev   0x20000014       0x48 CMakeFiles/proj1.elf.dir/Users/Src/touch.c.obj
                0x20000014                tp_dev
 .data._impure_ptr
                0x2000005c        0x4 g:/program files/stmicroelectronics/stm32cube/gcc-arm-none-eabi-10.3-2021.10-win32/gcc-arm-none-eabi-10.3-2021.10/bin/../lib/gcc/arm-none-eabi/10.3.1/../../../../arm-none-eabi/lib/thumb/v7-m/nofp\libg.a(lib_a-impure.o)
                0x2000005c                _impure_ptr
 .data.impure_data
                0x20000060      0x428 g:/program files/stmicroelectronics/stm32cube/gcc-arm-none-eabi-10.3-2021.10-win32/gcc-arm-none-eabi-10.3-2021.10/bin/../lib/gcc/arm-none-eabi/10.3.1/../../../../arm-none-eabi/lib/thumb/v7-m/nofp\libg.a(lib_a-impure.o)
 .data.__atexit_recursive_mutex
                0x20000488        0x4 g:/program files/stmicroelectronics/stm32cube/gcc-arm-none-eabi-10.3-2021.10-win32/gcc-arm-none-eabi-10.3-2021.10/bin/../lib/gcc/arm-none-eabi/10.3.1/../../../../arm-none-eabi/lib/thumb/v7-m/nofp\libg.a(lib_a-__call_atexit.o)
                0x20000488                __atexit_recursive_mutex
 .data.__malloc_av_
                0x2000048c      0x408 g:/program files/stmicroelectronics/stm32cube/gcc-arm-none-eabi-10.3-2021.10-win32/gcc-arm-none-eabi-10.3-2021.10/bin/../lib/gcc/arm-none-eabi/10.3.1/../../../../arm-none-eabi/lib/thumb/v7-m/nofp\libg.a(lib_a-mallocr.o)
                0x2000048c                __malloc_av_
 .data.__malloc_sbrk_base
                0x20000894        0x4 g:/program files/stmicroelectronics/stm32cube/gcc-arm-none-eabi-10.3-2021.10-win32/gcc-arm-none-eabi-10.3-2021.10/bin/../lib/gcc/arm-none-eabi/10.3.1/../../../../arm-none-eabi/lib/thumb/v7-m/nofp\libg.a(lib_a-mallocr.o)
                0x20000894                __malloc_sbrk_base
 .data.__malloc_trim_threshold
                0x20000898        0x4 g:/program files/stmicroelectronics/stm32cube/gcc-arm-none-eabi-10.3-2021.10-win32/gcc-arm-none-eabi-10.3-2021.10/bin/../lib/gcc/arm-none-eabi/10.3.1/../../../../arm-none-eabi/lib/thumb/v7-m/nofp\libg.a(lib_a-mallocr.o)
                0x20000898                __malloc_trim_threshold
 .data.__global_locale
                0x2000089c      0x16c g:/program files/stmicroelectronics/stm32cube/gcc-arm-none-eabi-10.3-2021.10-win32/gcc-arm-none-eabi-10.3-2021.10/bin/../lib/gcc/arm-none-eabi/10.3.1/../../../../arm-none-eabi/lib/thumb/v7-m/nofp\libg.a(lib_a-locale.o)
                0x2000089c                __global_locale
 *(.RamFunc)
 *(.RamFunc*)
                0x20000a08                . = ALIGN (0x4)
                0x20000a08                _edata = .

.igot.plt       0x20000a08        0x0 load address 0x08012974
 .igot.plt      0x20000a08        0x0 g:/program files/stmicroelectronics/stm32cube/gcc-arm-none-eabi-10.3-2021.10-win32/gcc-arm-none-eabi-10.3-2021.10/bin/../lib/gcc/arm-none-eabi/10.3.1/thumb/v7-m/nofp/crtbegin.o
                0x20000a08                . = ALIGN (0x4)

.bss            0x20000a08      0x164 load address 0x08012974
                0x20000a08                _sbss = .
                0x20000a08                __bss_start__ = _sbss
 *(.bss)
 .bss           0x20000a08       0x1c g:/program files/stmicroelectronics/stm32cube/gcc-arm-none-eabi-10.3-2021.10-win32/gcc-arm-none-eabi-10.3-2021.10/bin/../lib/gcc/arm-none-eabi/10.3.1/thumb/v7-m/nofp/crtbegin.o
 *(.bss*)
 .bss.FSMC_Initialized
                0x20000a24        0x4 CMakeFiles/proj1.elf.dir/Core/Src/fsmc.c.obj
 .bss.hsram4    0x20000a28       0x48 CMakeFiles/proj1.elf.dir/Core/Src/fsmc.c.obj
                0x20000a28                hsram4
 .bss.__sbrk_heap_end
                0x20000a70        0x4 CMakeFiles/proj1.elf.dir/Core/Src/sysmem.c.obj
 .bss.huart1    0x20000a74       0x48 CMakeFiles/proj1.elf.dir/Core/Src/usart.c.obj
                0x20000a74                huart1
 .bss.uwTick    0x20000abc        0x4 CMakeFiles/proj1.elf.dir/Drivers/STM32F1xx_HAL_Driver/Src/stm32f1xx_hal.c.obj
                0x20000abc                uwTick
 .bss.usDelayBase
                0x20000ac0        0x4 CMakeFiles/proj1.elf.dir/Users/Src/Task.c.obj
                0x20000ac0                usDelayBase
 .bss.t.0       0x20000ac4        0x1 CMakeFiles/proj1.elf.dir/Users/Src/ft5206.c.obj
 .bss.t.0       0x20000ac5        0x1 CMakeFiles/proj1.elf.dir/Users/Src/gt9xxx.c.obj
 *fill*         0x20000ac6        0x2 
 .bss.g_sram_handle
                0x20000ac8       0x48 CMakeFiles/proj1.elf.dir/Users/Src/lcd.c.obj
                0x20000ac8                g_sram_handle
 .bss.lcddev    0x20000b10        0xe CMakeFiles/proj1.elf.dir/Users/Src/lcd.c.obj
                0x20000b10                lcddev
 *fill*         0x20000b1e        0x2 
 .bss.gHuart    0x20000b20        0x4 CMakeFiles/proj1.elf.dir/Users/Src/retarget.c.obj
                0x20000b20                gHuart
 .bss.__lock___atexit_recursive_mutex
                0x20000b24        0x1 g:/program files/stmicroelectronics/stm32cube/gcc-arm-none-eabi-10.3-2021.10-win32/gcc-arm-none-eabi-10.3-2021.10/bin/../lib/gcc/arm-none-eabi/10.3.1/../../../../arm-none-eabi/lib/thumb/v7-m/nofp\libg.a(lib_a-lock.o)
                0x20000b24                __lock___atexit_recursive_mutex
 *fill*         0x20000b25        0x3 
 .bss.__lock___malloc_recursive_mutex
                0x20000b28        0x1 g:/program files/stmicroelectronics/stm32cube/gcc-arm-none-eabi-10.3-2021.10-win32/gcc-arm-none-eabi-10.3-2021.10/bin/../lib/gcc/arm-none-eabi/10.3.1/../../../../arm-none-eabi/lib/thumb/v7-m/nofp\libg.a(lib_a-lock.o)
                0x20000b28                __lock___malloc_recursive_mutex
 *fill*         0x20000b29        0x3 
 .bss.__lock___sfp_recursive_mutex
                0x20000b2c        0x1 g:/program files/stmicroelectronics/stm32cube/gcc-arm-none-eabi-10.3-2021.10-win32/gcc-arm-none-eabi-10.3-2021.10/bin/../lib/gcc/arm-none-eabi/10.3.1/../../../../arm-none-eabi/lib/thumb/v7-m/nofp\libg.a(lib_a-lock.o)
                0x20000b2c                __lock___sfp_recursive_mutex
 *fill*         0x20000b2d        0x3 
 .bss.__lock___sinit_recursive_mutex
                0x20000b30        0x1 g:/program files/stmicroelectronics/stm32cube/gcc-arm-none-eabi-10.3-2021.10-win32/gcc-arm-none-eabi-10.3-2021.10/bin/../lib/gcc/arm-none-eabi/10.3.1/../../../../arm-none-eabi/lib/thumb/v7-m/nofp\libg.a(lib_a-lock.o)
                0x20000b30                __lock___sinit_recursive_mutex
 *fill*         0x20000b31        0x3 
 .bss.__malloc_current_mallinfo
                0x20000b34       0x28 g:/program files/stmicroelectronics/stm32cube/gcc-arm-none-eabi-10.3-2021.10-win32/gcc-arm-none-eabi-10.3-2021.10/bin/../lib/gcc/arm-none-eabi/10.3.1/../../../../arm-none-eabi/lib/thumb/v7-m/nofp\libg.a(lib_a-mallocr.o)
                0x20000b34                __malloc_current_mallinfo
 .bss.__malloc_max_sbrked_mem
                0x20000b5c        0x4 g:/program files/stmicroelectronics/stm32cube/gcc-arm-none-eabi-10.3-2021.10-win32/gcc-arm-none-eabi-10.3-2021.10/bin/../lib/gcc/arm-none-eabi/10.3.1/../../../../arm-none-eabi/lib/thumb/v7-m/nofp\libg.a(lib_a-mallocr.o)
                0x20000b5c                __malloc_max_sbrked_mem
 .bss.__malloc_max_total_mem
                0x20000b60        0x4 g:/program files/stmicroelectronics/stm32cube/gcc-arm-none-eabi-10.3-2021.10-win32/gcc-arm-none-eabi-10.3-2021.10/bin/../lib/gcc/arm-none-eabi/10.3.1/../../../../arm-none-eabi/lib/thumb/v7-m/nofp\libg.a(lib_a-mallocr.o)
                0x20000b60                __malloc_max_total_mem
 .bss.__malloc_top_pad
                0x20000b64        0x4 g:/program files/stmicroelectronics/stm32cube/gcc-arm-none-eabi-10.3-2021.10-win32/gcc-arm-none-eabi-10.3-2021.10/bin/../lib/gcc/arm-none-eabi/10.3.1/../../../../arm-none-eabi/lib/thumb/v7-m/nofp\libg.a(lib_a-mallocr.o)
                0x20000b64                __malloc_top_pad
 .bss.errno     0x20000b68        0x4 g:/program files/stmicroelectronics/stm32cube/gcc-arm-none-eabi-10.3-2021.10-win32/gcc-arm-none-eabi-10.3-2021.10/bin/../lib/gcc/arm-none-eabi/10.3.1/../../../../arm-none-eabi/lib/thumb/v7-m/nofp\libg.a(lib_a-reent.o)
                0x20000b68                errno
 *(COMMON)
                0x20000b6c                . = ALIGN (0x4)
                0x20000b6c                _ebss = .
                0x20000b6c                __bss_end__ = _ebss

._user_heap_stack
                0x20000b6c      0x604 load address 0x08012974
                0x20000b70                . = ALIGN (0x8)
 *fill*         0x20000b6c        0x4 
                [!provide]                PROVIDE (end = .)
                0x20000b70                PROVIDE (_end = .)
                0x20000d70                . = (. + _Min_Heap_Size)
 *fill*         0x20000b70      0x200 
                0x20001170                . = (. + _Min_Stack_Size)
 *fill*         0x20000d70      0x400 
                0x20001170                . = ALIGN (0x8)

/DISCARD/
 libc.a(*)
 libm.a(*)
 libgcc.a(*)

.ARM.attributes
                0x00000000       0x29
 *(.ARM.attributes)
 .ARM.attributes
                0x00000000       0x1d g:/program files/stmicroelectronics/stm32cube/gcc-arm-none-eabi-10.3-2021.10-win32/gcc-arm-none-eabi-10.3-2021.10/bin/../lib/gcc/arm-none-eabi/10.3.1/thumb/v7-m/nofp/crti.o
 .ARM.attributes
                0x0000001d       0x2d g:/program files/stmicroelectronics/stm32cube/gcc-arm-none-eabi-10.3-2021.10-win32/gcc-arm-none-eabi-10.3-2021.10/bin/../lib/gcc/arm-none-eabi/10.3.1/thumb/v7-m/nofp/crtbegin.o
 .ARM.attributes
                0x0000004a       0x2d CMakeFiles/proj1.elf.dir/Core/Src/fsmc.c.obj
 .ARM.attributes
                0x00000077       0x2d CMakeFiles/proj1.elf.dir/Core/Src/gpio.c.obj
 .ARM.attributes
                0x000000a4       0x2d CMakeFiles/proj1.elf.dir/Core/Src/main.c.obj
 .ARM.attributes
                0x000000d1       0x2d CMakeFiles/proj1.elf.dir/Core/Src/stm32f1xx_hal_msp.c.obj
 .ARM.attributes
                0x000000fe       0x2d CMakeFiles/proj1.elf.dir/Core/Src/stm32f1xx_it.c.obj
 .ARM.attributes
                0x0000012b       0x2d CMakeFiles/proj1.elf.dir/Core/Src/syscalls.c.obj
 .ARM.attributes
                0x00000158       0x2d CMakeFiles/proj1.elf.dir/Core/Src/sysmem.c.obj
 .ARM.attributes
                0x00000185       0x2d CMakeFiles/proj1.elf.dir/Core/Src/system_stm32f1xx.c.obj
 .ARM.attributes
                0x000001b2       0x2d CMakeFiles/proj1.elf.dir/Core/Src/usart.c.obj
 .ARM.attributes
                0x000001df       0x21 CMakeFiles/proj1.elf.dir/Core/Startup/startup_stm32f103zetx.s.obj
 .ARM.attributes
                0x00000200       0x2d CMakeFiles/proj1.elf.dir/Drivers/STM32F1xx_HAL_Driver/Src/stm32f1xx_hal.c.obj
 .ARM.attributes
                0x0000022d       0x2d CMakeFiles/proj1.elf.dir/Drivers/STM32F1xx_HAL_Driver/Src/stm32f1xx_hal_cortex.c.obj
 .ARM.attributes
                0x0000025a       0x2d CMakeFiles/proj1.elf.dir/Drivers/STM32F1xx_HAL_Driver/Src/stm32f1xx_hal_gpio.c.obj
 .ARM.attributes
                0x00000287       0x2d CMakeFiles/proj1.elf.dir/Drivers/STM32F1xx_HAL_Driver/Src/stm32f1xx_hal_rcc.c.obj
 .ARM.attributes
                0x000002b4       0x2d CMakeFiles/proj1.elf.dir/Drivers/STM32F1xx_HAL_Driver/Src/stm32f1xx_hal_sram.c.obj
 .ARM.attributes
                0x000002e1       0x2d CMakeFiles/proj1.elf.dir/Drivers/STM32F1xx_HAL_Driver/Src/stm32f1xx_hal_uart.c.obj
 .ARM.attributes
                0x0000030e       0x2d CMakeFiles/proj1.elf.dir/Drivers/STM32F1xx_HAL_Driver/Src/stm32f1xx_ll_fsmc.c.obj
 .ARM.attributes
                0x0000033b       0x2d CMakeFiles/proj1.elf.dir/Drivers/STM32F1xx_HAL_Driver/Src/stm32f1xx_ll_gpio.c.obj
 .ARM.attributes
                0x00000368       0x2d CMakeFiles/proj1.elf.dir/Drivers/STM32F1xx_HAL_Driver/Src/stm32f1xx_ll_utils.c.obj
 .ARM.attributes
                0x00000395       0x2d CMakeFiles/proj1.elf.dir/Users/Src/24cxx.c.obj
 .ARM.attributes
                0x000003c2       0x2d CMakeFiles/proj1.elf.dir/Users/Src/Task.c.obj
 .ARM.attributes
                0x000003ef       0x2d CMakeFiles/proj1.elf.dir/Users/Src/ctiic.c.obj
 .ARM.attributes
                0x0000041c       0x2d CMakeFiles/proj1.elf.dir/Users/Src/ft5206.c.obj
 .ARM.attributes
                0x00000449       0x2d CMakeFiles/proj1.elf.dir/Users/Src/gt9xxx.c.obj
 .ARM.attributes
                0x00000476       0x2d CMakeFiles/proj1.elf.dir/Users/Src/lcd.c.obj
 .ARM.attributes
                0x000004a3       0x2d CMakeFiles/proj1.elf.dir/Users/Src/lcd_ex.c.obj
 .ARM.attributes
                0x000004d0       0x2d CMakeFiles/proj1.elf.dir/Users/Src/myiic.c.obj
 .ARM.attributes
                0x000004fd       0x2d CMakeFiles/proj1.elf.dir/Users/Src/retarget.c.obj
 .ARM.attributes
                0x0000052a       0x2d CMakeFiles/proj1.elf.dir/Users/Src/touch.c.obj
 .ARM.attributes
                0x00000557       0x1d g:/program files/stmicroelectronics/stm32cube/gcc-arm-none-eabi-10.3-2021.10-win32/gcc-arm-none-eabi-10.3-2021.10/bin/../lib/gcc/arm-none-eabi/10.3.1/thumb/v7-m/nofp\libgcc.a(_arm_addsubdf3.o)
 .ARM.attributes
                0x00000574       0x1d g:/program files/stmicroelectronics/stm32cube/gcc-arm-none-eabi-10.3-2021.10-win32/gcc-arm-none-eabi-10.3-2021.10/bin/../lib/gcc/arm-none-eabi/10.3.1/thumb/v7-m/nofp\libgcc.a(_arm_muldivdf3.o)
 .ARM.attributes
                0x00000591       0x1d g:/program files/stmicroelectronics/stm32cube/gcc-arm-none-eabi-10.3-2021.10-win32/gcc-arm-none-eabi-10.3-2021.10/bin/../lib/gcc/arm-none-eabi/10.3.1/thumb/v7-m/nofp\libgcc.a(_arm_cmpdf2.o)
 .ARM.attributes
                0x000005ae       0x1d g:/program files/stmicroelectronics/stm32cube/gcc-arm-none-eabi-10.3-2021.10-win32/gcc-arm-none-eabi-10.3-2021.10/bin/../lib/gcc/arm-none-eabi/10.3.1/thumb/v7-m/nofp\libgcc.a(_arm_fixunsdfsi.o)
 .ARM.attributes
                0x000005cb       0x1d g:/program files/stmicroelectronics/stm32cube/gcc-arm-none-eabi-10.3-2021.10-win32/gcc-arm-none-eabi-10.3-2021.10/bin/../lib/gcc/arm-none-eabi/10.3.1/thumb/v7-m/nofp\libgcc.a(_arm_addsubsf3.o)
 .ARM.attributes
                0x000005e8       0x1d g:/program files/stmicroelectronics/stm32cube/gcc-arm-none-eabi-10.3-2021.10-win32/gcc-arm-none-eabi-10.3-2021.10/bin/../lib/gcc/arm-none-eabi/10.3.1/thumb/v7-m/nofp\libgcc.a(_arm_muldivsf3.o)
 .ARM.attributes
                0x00000605       0x1d g:/program files/stmicroelectronics/stm32cube/gcc-arm-none-eabi-10.3-2021.10-win32/gcc-arm-none-eabi-10.3-2021.10/bin/../lib/gcc/arm-none-eabi/10.3.1/thumb/v7-m/nofp\libgcc.a(_arm_fixunssfsi.o)
 .ARM.attributes
                0x00000622       0x2d g:/program files/stmicroelectronics/stm32cube/gcc-arm-none-eabi-10.3-2021.10-win32/gcc-arm-none-eabi-10.3-2021.10/bin/../lib/gcc/arm-none-eabi/10.3.1/../../../../arm-none-eabi/lib/thumb/v7-m/nofp\libg.a(lib_a-errno.o)
 .ARM.attributes
                0x0000064f       0x2d g:/program files/stmicroelectronics/stm32cube/gcc-arm-none-eabi-10.3-2021.10-win32/gcc-arm-none-eabi-10.3-2021.10/bin/../lib/gcc/arm-none-eabi/10.3.1/../../../../arm-none-eabi/lib/thumb/v7-m/nofp\libg.a(lib_a-impure.o)
 .ARM.attributes
                0x0000067c       0x2d g:/program files/stmicroelectronics/stm32cube/gcc-arm-none-eabi-10.3-2021.10-win32/gcc-arm-none-eabi-10.3-2021.10/bin/../lib/gcc/arm-none-eabi/10.3.1/../../../../arm-none-eabi/lib/thumb/v7-m/nofp\libg.a(lib_a-init.o)
 .ARM.attributes
                0x000006a9       0x2d g:/program files/stmicroelectronics/stm32cube/gcc-arm-none-eabi-10.3-2021.10-win32/gcc-arm-none-eabi-10.3-2021.10/bin/../lib/gcc/arm-none-eabi/10.3.1/../../../../arm-none-eabi/lib/thumb/v7-m/nofp\libg.a(lib_a-memset.o)
 .ARM.attributes
                0x000006d6       0x2d g:/program files/stmicroelectronics/stm32cube/gcc-arm-none-eabi-10.3-2021.10-win32/gcc-arm-none-eabi-10.3-2021.10/bin/../lib/gcc/arm-none-eabi/10.3.1/../../../../arm-none-eabi/lib/thumb/v7-m/nofp\libg.a(lib_a-printf.o)
 .ARM.attributes
                0x00000703       0x2d g:/program files/stmicroelectronics/stm32cube/gcc-arm-none-eabi-10.3-2021.10-win32/gcc-arm-none-eabi-10.3-2021.10/bin/../lib/gcc/arm-none-eabi/10.3.1/../../../../arm-none-eabi/lib/thumb/v7-m/nofp\libg.a(lib_a-setvbuf.o)
 .ARM.attributes